Archive member included to satisfy reference by file (symbol)

D:\Facultad\Digitales II\Repositorio MCU\lpc_chip_175x_6x\Debug\liblpc_chip_175x_6x.a(adc_17xx_40xx.o)
                              ./Example/src/FRTOS.o (Chip_ADC_Init)
D:\Facultad\Digitales II\Repositorio MCU\lpc_chip_175x_6x\Debug\liblpc_chip_175x_6x.a(chip_17xx_40xx.o)
                              ./freeRTOS/src/port.o (SystemCoreClock)
D:\Facultad\Digitales II\Repositorio MCU\lpc_chip_175x_6x\Debug\liblpc_chip_175x_6x.a(clock_17xx_40xx.o)
                              D:\Facultad\Digitales II\Repositorio MCU\lpc_chip_175x_6x\Debug\liblpc_chip_175x_6x.a(chip_17xx_40xx.o) (Chip_Clock_EnablePLL)
D:\Facultad\Digitales II\Repositorio MCU\lpc_chip_175x_6x\Debug\liblpc_chip_175x_6x.a(i2c_17xx_40xx.o)
                              ./Example/src/FRTOS.o (Chip_I2C_EventHandler)
D:\Facultad\Digitales II\Repositorio MCU\lpc_chip_175x_6x\Debug\liblpc_chip_175x_6x.a(iocon_17xx_40xx.o)
                              ./Example/src/FRTOS.o (Chip_IOCON_PinMux)
D:\Facultad\Digitales II\Repositorio MCU\lpc_chip_175x_6x\Debug\liblpc_chip_175x_6x.a(sysinit_17xx_40xx.o)
                              ./Example/src/sysinit.o (Chip_SystemInit)
c:/nxp/mcuxpressoide_10.1.1_606/ide/tools/bin/../lib/gcc/arm-none-eabi/6.3.1/../../../../arm-none-eabi/lib/thumb/v7-m\libcr_semihost.a(_cr__main.o)
                              ./Example/src/cr_startup_lpc175x_6x.o (__main)
c:/nxp/mcuxpressoide_10.1.1_606/ide/tools/bin/../lib/gcc/arm-none-eabi/6.3.1/../../../../arm-none-eabi/lib/thumb/v7-m\libcr_c.a(memcpy.o)
                              ./freeRTOS/src/queue.o (memcpy)
c:/nxp/mcuxpressoide_10.1.1_606/ide/tools/bin/../lib/gcc/arm-none-eabi/6.3.1/../../../../arm-none-eabi/lib/thumb/v7-m\libcr_c.a(memset.o)
                              ./freeRTOS/src/tasks.o (memset)
c:/nxp/mcuxpressoide_10.1.1_606/ide/tools/bin/../lib/gcc/arm-none-eabi/6.3.1/../../../../arm-none-eabi/lib/thumb/v7-m\libcr_c.a(alloc.o)
                              ./freeRTOS/src/heap_3.o (malloc)
c:/nxp/mcuxpressoide_10.1.1_606/ide/tools/bin/../lib/gcc/arm-none-eabi/6.3.1/../../../../arm-none-eabi/lib/thumb/v7-m\libcr_c.a(initio.o)
                              c:/nxp/mcuxpressoide_10.1.1_606/ide/tools/bin/../lib/gcc/arm-none-eabi/6.3.1/../../../../arm-none-eabi/lib/thumb/v7-m\libcr_semihost.a(_cr__main.o) (_initio)
c:/nxp/mcuxpressoide_10.1.1_606/ide/tools/bin/../lib/gcc/arm-none-eabi/6.3.1/../../../../arm-none-eabi/lib/thumb/v7-m\libcr_c.a(setvbuf.o)
                              c:/nxp/mcuxpressoide_10.1.1_606/ide/tools/bin/../lib/gcc/arm-none-eabi/6.3.1/../../../../arm-none-eabi/lib/thumb/v7-m\libcr_c.a(initio.o) (setvbuf)
c:/nxp/mcuxpressoide_10.1.1_606/ide/tools/bin/../lib/gcc/arm-none-eabi/6.3.1/../../../../arm-none-eabi/lib/thumb/v7-m\libcr_c.a(__init_alloc.o)
                              c:/nxp/mcuxpressoide_10.1.1_606/ide/tools/bin/../lib/gcc/arm-none-eabi/6.3.1/../../../../arm-none-eabi/lib/thumb/v7-m\libcr_c.a(alloc.o) (__heaps)
c:/nxp/mcuxpressoide_10.1.1_606/ide/tools/bin/../lib/gcc/arm-none-eabi/6.3.1/../../../../arm-none-eabi/lib/thumb/v7-m\libcr_c.a(_cr_sbrk.o)
                              c:/nxp/mcuxpressoide_10.1.1_606/ide/tools/bin/../lib/gcc/arm-none-eabi/6.3.1/../../../../arm-none-eabi/lib/thumb/v7-m\libcr_c.a(alloc.o) (_sbrk)
c:/nxp/mcuxpressoide_10.1.1_606/ide/tools/bin/../lib/gcc/arm-none-eabi/6.3.1/../../../../arm-none-eabi/lib/thumb/v7-m\libcr_c.a(_fdopen.o)
                              c:/nxp/mcuxpressoide_10.1.1_606/ide/tools/bin/../lib/gcc/arm-none-eabi/6.3.1/../../../../arm-none-eabi/lib/thumb/v7-m\libcr_c.a(initio.o) (_fdopen)
c:/nxp/mcuxpressoide_10.1.1_606/ide/tools/bin/../lib/gcc/arm-none-eabi/6.3.1/../../../../arm-none-eabi/lib/thumb/v7-m\libcr_c.a(errno.o)
                              c:/nxp/mcuxpressoide_10.1.1_606/ide/tools/bin/../lib/gcc/arm-none-eabi/6.3.1/../../../../arm-none-eabi/lib/thumb/v7-m\libcr_c.a(_cr_sbrk.o) (errno)
c:/nxp/mcuxpressoide_10.1.1_606/ide/tools/bin/../lib/gcc/arm-none-eabi/6.3.1/../../../../arm-none-eabi/lib/thumb/v7-m\libcr_c.a(fclose.o)
                              c:/nxp/mcuxpressoide_10.1.1_606/ide/tools/bin/../lib/gcc/arm-none-eabi/6.3.1/../../../../arm-none-eabi/lib/thumb/v7-m\libcr_c.a(initio.o) (fclose)
c:/nxp/mcuxpressoide_10.1.1_606/ide/tools/bin/../lib/gcc/arm-none-eabi/6.3.1/../../../../arm-none-eabi/lib/thumb/v7-m\libcr_c.a(fflush.o)
                              c:/nxp/mcuxpressoide_10.1.1_606/ide/tools/bin/../lib/gcc/arm-none-eabi/6.3.1/../../../../arm-none-eabi/lib/thumb/v7-m\libcr_c.a(fclose.o) (fflush)
c:/nxp/mcuxpressoide_10.1.1_606/ide/tools/bin/../lib/gcc/arm-none-eabi/6.3.1/../../../../arm-none-eabi/lib/thumb/v7-m\libcr_c.a(fseek.o)
                              c:/nxp/mcuxpressoide_10.1.1_606/ide/tools/bin/../lib/gcc/arm-none-eabi/6.3.1/../../../../arm-none-eabi/lib/thumb/v7-m\libcr_c.a(_fdopen.o) (fseek)
[...]
Memory Configuration

Name             Origin             Length             Attributes
MFlash512        0x00000000         0x00080000         xr
RamLoc32         0x10000000         0x00008000         xrw
RamAHB32         0x2007c000         0x00008000         xrw
*default*        0x00000000         0xffffffff

Linker script and memory map

LOAD ./freeRTOS/src/FreeRTOSCommonHooks.o
LOAD ./freeRTOS/src/croutine.o
LOAD ./freeRTOS/src/event_groups.o
LOAD ./freeRTOS/src/heap_3.o
LOAD ./freeRTOS/src/list.o
LOAD ./freeRTOS/src/port.o
LOAD ./freeRTOS/src/queue.o
LOAD ./freeRTOS/src/tasks.o
LOAD ./freeRTOS/src/timers.o
LOAD ./Example/src/FRTOS.o
LOAD ./Example/src/cr_startup_lpc175x_6x.o
LOAD ./Example/src/crp.o
LOAD ./Example/src/sysinit.o
LOAD D:\Facultad\Digitales II\Repositorio MCU\lpc_chip_175x_6x\Debug\liblpc_chip_175x_6x.a
START GROUP
LOAD c:/nxp/mcuxpressoide_10.1.1_606/ide/tools/bin/../lib/gcc/arm-none-eabi/6.3.1/../../../../arm-none-eabi/lib/thumb/v7-m\libcr_semihost.a
LOAD c:/nxp/mcuxpressoide_10.1.1_606/ide/tools/bin/../lib/gcc/arm-none-eabi/6.3.1/../../../../arm-none-eabi/lib/thumb/v7-m\libcr_c.a
LOAD c:/nxp/mcuxpressoide_10.1.1_606/ide/tools/bin/../lib/gcc/arm-none-eabi/6.3.1/thumb/v7-m\libcr_eabihelpers.a
END GROUP
                0x00000000                __base_MFlash512 = 0x0
                0x00000000                __base_Flash = 0x0
                0x00080000                __top_MFlash512 = 0x80000
                0x00080000                __top_Flash = 0x80000
                0x10000000                __base_RamLoc32 = 0x10000000
                0x10000000                __base_RAM = 0x10000000
                0x10008000                __top_RamLoc32 = 0x10008000
                0x10008000                __top_RAM = 0x10008000
                0x2007c000                __base_RamAHB32 = 0x2007c000
                0x2007c000                __base_RAM2 = 0x2007c000
                0x20084000                __top_RamAHB32 = 0x20084000
                0x20084000                __top_RAM2 = 0x20084000

.text           0x00000000     0x3c84
 FILL mask 0xff
                0x00000000                __vectors_start__ = ABSOLUTE (.)
 *(.isr_vector)
 .isr_vector    0x00000000       0xcc ./Example/src/cr_startup_lpc175x_6x.o
                0x00000000                g_pfnVectors
                0x000000cc                . = ALIGN (0x4)
                0x000000cc                __section_table_start = .
                0x000000cc                __data_section_table = .
                0x000000cc        0x4 LONG 0x3c84 LOADADDR (.data)
                0x000000d0        0x4 LONG 0x10000000 ADDR (.data)
                0x000000d4        0x4 LONG 0x58 SIZEOF (.data)
                0x000000d8        0x4 LONG 0x3c84 LOADADDR (.data_RAM2)
                0x000000dc        0x4 LONG 0x2007c000 ADDR (.data_RAM2)
                0x000000e0        0x4 LONG 0x0 SIZEOF (.data_RAM2)
                0x000000e4                __data_section_table_end = .
                0x000000e4                __bss_section_table = .
                0x000000e4        0x4 LONG 0x10000058 ADDR (.bss)
                0x000000e8        0x4 LONG 0x320 SIZEOF (.bss)
                0x000000ec        0x4 LONG 0x2007c000 ADDR (.bss_RAM2)
                0x000000f0        0x4 LONG 0x0 SIZEOF (.bss_RAM2)
                0x000000f4                __bss_section_table_end = .
                0x000000f4                __section_table_end = .
 *(.after_vectors*)
 .after_vectors
                0x000000f4      0x12c ./Example/src/cr_startup_lpc175x_6x.o
                0x000000f4                data_init
                0x00000136                bss_init
                0x0000016c                ResetISR
                0x000001e4                NMI_Handler
                0x000001ea                HardFault_Handler
                0x000001f0                MemManage_Handler
                0x000001f6                BusFault_Handler
                0x000001fc                UsageFault_Handler
                0x00000208                DebugMon_Handler
                0x0000021a                EINT3_IRQHandler
                0x0000021a                EINT2_IRQHandler
                0x0000021a                TIMER3_IRQHandler
                0x0000021a                UART0_IRQHandler
                0x0000021a                USBActivity_IRQHandler
                0x0000021a                CANActivity_IRQHandler
                0x0000021a                UART1_IRQHandler
                0x0000021a                IntDefaultHandler
                0x0000021a                PLL0_IRQHandler
                0x0000021a                CAN_IRQHandler
                0x0000021a                I2C0_IRQHandler
                0x0000021a                SSP0_IRQHandler
                0x0000021a                I2S_IRQHandler
                0x0000021a                I2C2_IRQHandler
                0x0000021a                RTC_IRQHandler
                0x0000021a                TIMER0_IRQHandler
                0x0000021a                SPI_IRQHandler
                0x0000021a                RIT_IRQHandler
                0x0000021a                EINT1_IRQHandler
                0x0000021a                TIMER1_IRQHandler
                0x0000021a                UART2_IRQHandler
                0x0000021a                SSP1_IRQHandler
                0x0000021a                USB_IRQHandler
                0x0000021a                BOD_IRQHandler
                0x0000021a                PWM1_IRQHandler
                0x0000021a                WDT_IRQHandler
                0x0000021a                QEI_IRQHandler
                0x0000021a                EINT0_IRQHandler
                0x0000021a                ETH_IRQHandler
                0x0000021a                PLL1_IRQHandler
                0x0000021a                DMA_IRQHandler
                0x0000021a                TIMER2_IRQHandler
                0x0000021a                UART3_IRQHandler
                0x0000021a                MCPWM_IRQHandler
 *(.text*)
 .text.vApplicationTickHook
                0x00000220        0xc ./freeRTOS/src/FreeRTOSCommonHooks.o
                0x00000220                vApplicationTickHook
 .text.pvPortMalloc
                0x0000022c       0x22 ./freeRTOS/src/heap_3.o
                0x0000022c                pvPortMalloc
 .text.vPortFree
                0x0000024e       0x24 ./freeRTOS/src/heap_3.o
                0x0000024e                vPortFree
 .text.vListInitialise
                0x00000272       0x3e ./freeRTOS/src/list.o
                0x00000272                vListInitialise
 .text.vListInitialiseItem
                0x000002b0       0x18 ./freeRTOS/src/list.o
                0x000002b0                vListInitialiseItem
 .text.vListInsertEnd
                0x000002c8       0x46 ./freeRTOS/src/list.o
                0x000002c8                vListInsertEnd
 .text.vListInsert
                0x0000030e       0x70 ./freeRTOS/src/list.o
                0x0000030e                vListInsert
 .text.uxListRemove
                0x0000037e       0x52 ./freeRTOS/src/list.o
                0x0000037e                uxListRemove
 .text.pxPortInitialiseStack
                0x000003d0       0x58 ./freeRTOS/src/port.o
                0x000003d0                pxPortInitialiseStack
 .text.prvTaskExitError
                0x00000428       0x1a ./freeRTOS/src/port.o
 *fill*         0x00000442        0xe ff
 .text.SVC_Handler
                0x00000450       0x28 ./freeRTOS/src/port.o
                0x00000450                SVC_Handler
 .text.prvPortStartFirstTask
                0x00000478       0x20 ./freeRTOS/src/port.o
 .text.xPortStartScheduler
                0x00000498       0x3c ./freeRTOS/src/port.o
                0x00000498                xPortStartScheduler
 .text.vPortEnterCritical
                0x000004d4       0x30 ./freeRTOS/src/port.o
                0x000004d4                vPortEnterCritical
 .text.vPortExitCritical
                0x00000504       0x30 ./freeRTOS/src/port.o
                0x00000504                vPortExitCritical
 *fill*         0x00000534        0xc ff
 .text.PendSV_Handler
                0x00000540       0x48 ./freeRTOS/src/port.o
                0x00000540                PendSV_Handler
 .text.SysTick_Handler
                0x00000588       0x40 ./freeRTOS/src/port.o
                0x00000588                SysTick_Handler
 .text.vPortSuppressTicksAndSleep
                0x000005c8      0x184 ./freeRTOS/src/port.o
                0x000005c8                vPortSuppressTicksAndSleep
 .text.vPortSetupTimerInterrupt
                0x0000074c       0x78 ./freeRTOS/src/port.o
                0x0000074c                vPortSetupTimerInterrupt
 .text.xQueueGenericReset
                0x000007c4       0xb4 ./freeRTOS/src/queue.o
                0x000007c4                xQueueGenericReset
 .text.xQueueGenericCreate
                0x00000878       0x58 ./freeRTOS/src/queue.o
                0x00000878                xQueueGenericCreate
 .text.prvInitialiseNewQueue
                0x000008d0       0x46 ./freeRTOS/src/queue.o
 *fill*         0x00000916        0x2 ff
 .text.xQueueGenericSend
                0x00000918      0x154 ./freeRTOS/src/queue.o
                0x00000918                xQueueGenericSend
 .text.xQueueGenericSendFromISR
                0x00000a6c       0xb2 ./freeRTOS/src/queue.o
                0x00000a6c                xQueueGenericSendFromISR
 *fill*         0x00000b1e        0x2 ff
 .text.xQueueGenericReceive
                0x00000b20      0x1b0 ./freeRTOS/src/queue.o
                0x00000b20                xQueueGenericReceive
 .text.prvCopyDataToQueue
                0x00000cd0       0xd4 ./freeRTOS/src/queue.o
 .text.prvCopyDataFromQueue
                0x00000da4       0x4c ./freeRTOS/src/queue.o
 .text.prvUnlockQueue
                0x00000df0       0xa4 ./freeRTOS/src/queue.o
 .text.prvIsQueueEmpty
                0x00000e94       0x2c ./freeRTOS/src/queue.o
 .text.prvIsQueueFull
                0x00000ec0       0x30 ./freeRTOS/src/queue.o
 .text.xTaskCreate
                0x00000ef0       0x82 ./freeRTOS/src/tasks.o
                0x00000ef0                xTaskCreate
 .text.prvInitialiseNewTask
                0x00000f72       0xee ./freeRTOS/src/tasks.o
 .text.prvAddNewTaskToReadyList
                0x00001060       0xdc ./freeRTOS/src/tasks.o
 .text.vTaskDelete
                0x0000113c       0xfc ./freeRTOS/src/tasks.o
                0x0000113c                vTaskDelete
 .text.vTaskDelay
                0x00001238       0x48 ./freeRTOS/src/tasks.o
                0x00001238                vTaskDelay
 .text.vTaskStartScheduler
                0x00001280       0x6c ./freeRTOS/src/tasks.o
                0x00001280                vTaskStartScheduler
 .text.vTaskSuspendAll
                0x000012ec       0x1c ./freeRTOS/src/tasks.o
                0x000012ec                vTaskSuspendAll
 .text.prvGetExpectedIdleTime
                0x00001308       0x74 ./freeRTOS/src/tasks.o
 .text.xTaskResumeAll
                0x0000137c      0x11c ./freeRTOS/src/tasks.o
                0x0000137c                xTaskResumeAll
 .text.vTaskStepTick
                0x00001498       0x24 ./freeRTOS/src/tasks.o
                0x00001498                vTaskStepTick
 .text.xTaskIncrementTick
                0x000014bc      0x16c ./freeRTOS/src/tasks.o
                0x000014bc                xTaskIncrementTick
 .text.vTaskSwitchContext
                0x00001628       0x8c ./freeRTOS/src/tasks.o
                0x00001628                vTaskSwitchContext
 .text.vTaskPlaceOnEventList
                0x000016b4       0x2c ./freeRTOS/src/tasks.o
                0x000016b4                vTaskPlaceOnEventList
 .text.xTaskRemoveFromEventList
                0x000016e0       0xac ./freeRTOS/src/tasks.o
                0x000016e0                xTaskRemoveFromEventList
 .text.vTaskSetTimeOutState
                0x0000178c       0x2c ./freeRTOS/src/tasks.o
                0x0000178c                vTaskSetTimeOutState
 .text.xTaskCheckForTimeOut
                0x000017b8       0x88 ./freeRTOS/src/tasks.o
                0x000017b8                xTaskCheckForTimeOut
 .text.vTaskMissedYield
                0x00001840       0x18 ./freeRTOS/src/tasks.o
                0x00001840                vTaskMissedYield
 .text.prvIdleTask
                0x00001858       0x54 ./freeRTOS/src/tasks.o
 .text.eTaskConfirmSleepModeStatus
                0x000018ac       0x5c ./freeRTOS/src/tasks.o
                0x000018ac                eTaskConfirmSleepModeStatus
 .text.prvInitialiseTaskLists
                0x00001908       0x80 ./freeRTOS/src/tasks.o
 .text.prvCheckTasksWaitingTermination
                0x00001988       0x78 ./freeRTOS/src/tasks.o
 .text.prvDeleteTCB
                0x00001a00       0x20 ./freeRTOS/src/tasks.o
 .text.prvResetNextTaskUnblockTime
                0x00001a20       0x48 ./freeRTOS/src/tasks.o
 .text.vTaskPriorityInherit
                0x00001a68       0xec ./freeRTOS/src/tasks.o
                0x00001a68                vTaskPriorityInherit
 .text.xTaskPriorityDisinherit
                0x00001b54       0xc8 ./freeRTOS/src/tasks.o
                0x00001b54                xTaskPriorityDisinherit
 .text.pvTaskIncrementMutexHeldCount
                0x00001c1c       0x28 ./freeRTOS/src/tasks.o
                0x00001c1c                pvTaskIncrementMutexHeldCount
 .text.prvAddCurrentTaskToDelayedList
                0x00001c44       0xcc ./freeRTOS/src/tasks.o
 .text.NVIC_EnableIRQ
                0x00001d10       0x30 ./Example/src/FRTOS.o
 .text.NVIC_DisableIRQ
                0x00001d40       0x34 ./Example/src/FRTOS.o
 .text.NVIC_ClearPendingIRQ
                0x00001d74       0x34 ./Example/src/FRTOS.o
 .text.Chip_IOCON_EnableOD
                0x00001da8       0x38 ./Example/src/FRTOS.o
 .text.Chip_GPIO_Init
                0x00001de0       0x16 ./Example/src/FRTOS.o
 .text.Chip_GPIO_SetPinDIROutput
                0x00001df6       0x38 ./Example/src/FRTOS.o
 .text.Chip_GPIO_SetPinDIRInput
                0x00001e2e       0x3a ./Example/src/FRTOS.o
 .text.Chip_GPIO_SetPinDIR
                0x00001e68       0x42 ./Example/src/FRTOS.o
 .text.Chip_GPIO_SetDir
                0x00001eaa       0x34 ./Example/src/FRTOS.o
 .text.Chip_GPIO_SetPinOutHigh
                0x00001ede       0x2c ./Example/src/FRTOS.o
 .text.Chip_GPIO_SetPinOutLow
                0x00001f0a       0x2c ./Example/src/FRTOS.o
 .text.I2C1_IRQHandler
                0x00001f36        0xe ./Example/src/FRTOS.o
                0x00001f36                I2C1_IRQHandler
 .text.ADC_IRQHandler
                0x00001f44      0x104 ./Example/src/FRTOS.o
                0x00001f44                ADC_IRQHandler
 .text.ADC_Config
                0x00002048       0xc4 ./Example/src/FRTOS.o
 .text.I2C_Config
                0x0000210c       0x74 ./Example/src/FRTOS.o
 .text.taskAnalisis
                0x00002180      0x1e0 ./Example/src/FRTOS.o
 .text.vTaskSonora
                0x00002360       0x40 ./Example/src/FRTOS.o
 .text.uC_StartUp
                0x000023a0      0x1c4 ./Example/src/FRTOS.o
                0x000023a0                uC_StartUp
 .text.main     0x00002564      0x140 ./Example/src/FRTOS.o
                0x00002564                main
 .text.SystemInit
                0x000026a4       0x24 ./Example/src/sysinit.o
                0x000026a4                SystemInit
 .text.getFullConvClk
                0x000026c8        0xe D:\Facultad\Digitales II\Repositorio MCU\lpc_chip_175x_6x\Debug\liblpc_chip_175x_6x.a(adc_17xx_40xx.o)
 .text.getClkDiv
                0x000026d6       0x4c D:\Facultad\Digitales II\Repositorio MCU\lpc_chip_175x_6x\Debug\liblpc_chip_175x_6x.a(adc_17xx_40xx.o)
 .text.setStartMode
                0x00002722       0x2c D:\Facultad\Digitales II\Repositorio MCU\lpc_chip_175x_6x\Debug\liblpc_chip_175x_6x.a(adc_17xx_40xx.o)
                0x00002722                setStartMode
 .text.readAdcVal
                0x0000274e       0x40 D:\Facultad\Digitales II\Repositorio MCU\lpc_chip_175x_6x\Debug\liblpc_chip_175x_6x.a(adc_17xx_40xx.o)
                0x0000274e                readAdcVal
 *fill*         0x0000278e        0x2 ff
 .text.Chip_ADC_Init
                0x00002790       0x74 D:\Facultad\Digitales II\Repositorio MCU\lpc_chip_175x_6x\Debug\liblpc_chip_175x_6x.a(adc_17xx_40xx.o)
                0x00002790                Chip_ADC_Init
 .text.Chip_ADC_ReadValue
                0x00002804       0x24 D:\Facultad\Digitales II\Repositorio MCU\lpc_chip_175x_6x\Debug\liblpc_chip_175x_6x.a(adc_17xx_40xx.o)
                0x00002804                Chip_ADC_ReadValue
 .text.Chip_ADC_Int_SetChannelCmd
                0x00002828       0x48 D:\Facultad\Digitales II\Repositorio MCU\lpc_chip_175x_6x\Debug\liblpc_chip_175x_6x.a(adc_17xx_40xx.o)
                0x00002828                Chip_ADC_Int_SetChannelCmd
 .text.Chip_ADC_SetStartMode
                0x00002870       0x4e D:\Facultad\Digitales II\Repositorio MCU\lpc_chip_175x_6x\Debug\liblpc_chip_175x_6x.a(adc_17xx_40xx.o)
                0x00002870                Chip_ADC_SetStartMode
 .text.Chip_ADC_SetSampleRate
                0x000028be       0x50 D:\Facultad\Digitales II\Repositorio MCU\lpc_chip_175x_6x\Debug\liblpc_chip_175x_6x.a(adc_17xx_40xx.o)
                0x000028be                Chip_ADC_SetSampleRate
 .text.Chip_ADC_EnableChannel
                0x0000290e       0x54 D:\Facultad\Digitales II\Repositorio MCU\lpc_chip_175x_6x\Debug\liblpc_chip_175x_6x.a(adc_17xx_40xx.o)
                0x0000290e                Chip_ADC_EnableChannel
 .text.Chip_ADC_SetBurstCmd
                0x00002962       0x3c D:\Facultad\Digitales II\Repositorio MCU\lpc_chip_175x_6x\Debug\liblpc_chip_175x_6x.a(adc_17xx_40xx.o)
                0x00002962                Chip_ADC_SetBurstCmd
 *fill*         0x0000299e        0x2 ff
 .text.SystemCoreClockUpdate
                0x000029a0       0x18 D:\Facultad\Digitales II\Repositorio MCU\lpc_chip_175x_6x\Debug\liblpc_chip_175x_6x.a(chip_17xx_40xx.o)
                0x000029a0                SystemCoreClockUpdate
 .text.Chip_Clock_IsMainPLLEnabled
                0x000029b8       0x24 D:\Facultad\Digitales II\Repositorio MCU\lpc_chip_175x_6x\Debug\liblpc_chip_175x_6x.a(clock_17xx_40xx.o)
 .text.Chip_Clock_IsMainPLLConnected
                0x000029dc       0x24 D:\Facultad\Digitales II\Repositorio MCU\lpc_chip_175x_6x\Debug\liblpc_chip_175x_6x.a(clock_17xx_40xx.o)
 .text.Chip_Clock_FeedPLL
                0x00002a00       0x34 D:\Facultad\Digitales II\Repositorio MCU\lpc_chip_175x_6x\Debug\liblpc_chip_175x_6x.a(clock_17xx_40xx.o)
 .text.Chip_Clock_GetMainPLLSource
                0x00002a34       0x20 D:\Facultad\Digitales II\Repositorio MCU\lpc_chip_175x_6x\Debug\liblpc_chip_175x_6x.a(clock_17xx_40xx.o)
 .text.Chip_Clock_GetMainOscRate
                0x00002a54       0x14 D:\Facultad\Digitales II\Repositorio MCU\lpc_chip_175x_6x\Debug\liblpc_chip_175x_6x.a(clock_17xx_40xx.o)
 .text.Chip_Clock_GetIntOscRate
                0x00002a68       0x14 D:\Facultad\Digitales II\Repositorio MCU\lpc_chip_175x_6x\Debug\liblpc_chip_175x_6x.a(clock_17xx_40xx.o)
 .text.Chip_Clock_GetRTCOscRate
                0x00002a7c       0x14 D:\Facultad\Digitales II\Repositorio MCU\lpc_chip_175x_6x\Debug\liblpc_chip_175x_6x.a(clock_17xx_40xx.o)
 .text.Chip_Clock_GetMainPLLInClockRate
                0x00002a90        0xe D:\Facultad\Digitales II\Repositorio MCU\lpc_chip_175x_6x\Debug\liblpc_chip_175x_6x.a(clock_17xx_40xx.o)
 *fill*         0x00002a9e        0x2 ff
 .text.Chip_Clock_EnablePLL
                0x00002aa0       0x44 D:\Facultad\Digitales II\Repositorio MCU\lpc_chip_175x_6x\Debug\liblpc_chip_175x_6x.a(clock_17xx_40xx.o)
                0x00002aa0                Chip_Clock_EnablePLL
 .text.Chip_Clock_DisablePLL
                0x00002ae4       0x48 D:\Facultad\Digitales II\Repositorio MCU\lpc_chip_175x_6x\Debug\liblpc_chip_175x_6x.a(clock_17xx_40xx.o)
                0x00002ae4                Chip_Clock_DisablePLL
 .text.Chip_Clock_SetupPLL
                0x00002b2c       0x5c D:\Facultad\Digitales II\Repositorio MCU\lpc_chip_175x_6x\Debug\liblpc_chip_175x_6x.a(clock_17xx_40xx.o)
                0x00002b2c                Chip_Clock_SetupPLL
 .text.Chip_Clock_EnablePeriphClock
                0x00002b88       0x34 D:\Facultad\Digitales II\Repositorio MCU\lpc_chip_175x_6x\Debug\liblpc_chip_175x_6x.a(clock_17xx_40xx.o)
                0x00002b88                Chip_Clock_EnablePeriphClock
 .text.Chip_Clock_GetCPUClockSource
                0x00002bbc       0x24 D:\Facultad\Digitales II\Repositorio MCU\lpc_chip_175x_6x\Debug\liblpc_chip_175x_6x.a(clock_17xx_40xx.o)
                0x00002bbc                Chip_Clock_GetCPUClockSource
 .text.Chip_Clock_SetCPUClockDiv
                0x00002be0       0x20 D:\Facultad\Digitales II\Repositorio MCU\lpc_chip_175x_6x\Debug\liblpc_chip_175x_6x.a(clock_17xx_40xx.o)
                0x00002be0                Chip_Clock_SetCPUClockDiv
 .text.Chip_Clock_GetCPUClockDiv
                0x00002c00       0x1c D:\Facultad\Digitales II\Repositorio MCU\lpc_chip_175x_6x\Debug\liblpc_chip_175x_6x.a(clock_17xx_40xx.o)
                0x00002c00                Chip_Clock_GetCPUClockDiv
 .text.Chip_Clock_GetPCLKDiv
                0x00002c1c       0x8c D:\Facultad\Digitales II\Repositorio MCU\lpc_chip_175x_6x\Debug\liblpc_chip_175x_6x.a(clock_17xx_40xx.o)
                0x00002c1c                Chip_Clock_GetPCLKDiv
 .text.Chip_Clock_GetSYSCLKRate
                0x00002ca8       0x34 D:\Facultad\Digitales II\Repositorio MCU\lpc_chip_175x_6x\Debug\liblpc_chip_175x_6x.a(clock_17xx_40xx.o)
                0x00002ca8                Chip_Clock_GetSYSCLKRate
 .text.Chip_Clock_GetMainPLLOutClockRate
                0x00002cdc       0x54 D:\Facultad\Digitales II\Repositorio MCU\lpc_chip_175x_6x\Debug\liblpc_chip_175x_6x.a(clock_17xx_40xx.o)
                0x00002cdc                Chip_Clock_GetMainPLLOutClockRate
 .text.Chip_Clock_GetMainClockRate
                0x00002d30       0x28 D:\Facultad\Digitales II\Repositorio MCU\lpc_chip_175x_6x\Debug\liblpc_chip_175x_6x.a(clock_17xx_40xx.o)
                0x00002d30                Chip_Clock_GetMainClockRate
 .text.Chip_Clock_GetSystemClockRate
                0x00002d58       0x18 D:\Facultad\Digitales II\Repositorio MCU\lpc_chip_175x_6x\Debug\liblpc_chip_175x_6x.a(clock_17xx_40xx.o)
                0x00002d58                Chip_Clock_GetSystemClockRate
 .text.Chip_Clock_GetPeripheralClockRate
                0x00002d70       0x26 D:\Facultad\Digitales II\Repositorio MCU\lpc_chip_175x_6x\Debug\liblpc_chip_175x_6x.a(clock_17xx_40xx.o)
                0x00002d70                Chip_Clock_GetPeripheralClockRate
 *fill*         0x00002d96        0x2 ff
 .text.enableClk
                0x00002d98       0x30 D:\Facultad\Digitales II\Repositorio MCU\lpc_chip_175x_6x\Debug\liblpc_chip_175x_6x.a(i2c_17xx_40xx.o)
 .text.getClkRate
                0x00002dc8       0x24 D:\Facultad\Digitales II\Repositorio MCU\lpc_chip_175x_6x\Debug\liblpc_chip_175x_6x.a(i2c_17xx_40xx.o)
 .text.startMasterXfer
                0x00002dec       0x1e D:\Facultad\Digitales II\Repositorio MCU\lpc_chip_175x_6x\Debug\liblpc_chip_175x_6x.a(i2c_17xx_40xx.o)
 .text.startSlaverXfer
                0x00002e0a       0x1e D:\Facultad\Digitales II\Repositorio MCU\lpc_chip_175x_6x\Debug\liblpc_chip_175x_6x.a(i2c_17xx_40xx.o)
 .text.isI2CBusFree
                0x00002e28       0x24 D:\Facultad\Digitales II\Repositorio MCU\lpc_chip_175x_6x\Debug\liblpc_chip_175x_6x.a(i2c_17xx_40xx.o)
 .text.getCurState
                0x00002e4c       0x1a D:\Facultad\Digitales II\Repositorio MCU\lpc_chip_175x_6x\Debug\liblpc_chip_175x_6x.a(i2c_17xx_40xx.o)
 *fill*         0x00002e66        0x2 ff
 .text.handleMasterXferState
                0x00002e68      0x284 D:\Facultad\Digitales II\Repositorio MCU\lpc_chip_175x_6x\Debug\liblpc_chip_175x_6x.a(i2c_17xx_40xx.o)
                0x00002e68                handleMasterXferState
 .text.Chip_I2C_EventHandler
                0x000030ec       0x4c D:\Facultad\Digitales II\Repositorio MCU\lpc_chip_175x_6x\Debug\liblpc_chip_175x_6x.a(i2c_17xx_40xx.o)
                0x000030ec                Chip_I2C_EventHandler
 .text.Chip_I2C_Init
                0x00003138       0x34 D:\Facultad\Digitales II\Repositorio MCU\lpc_chip_175x_6x\Debug\liblpc_chip_175x_6x.a(i2c_17xx_40xx.o)
                0x00003138                Chip_I2C_Init
 .text.Chip_I2C_SetClockRate
                0x0000316c       0x68 D:\Facultad\Digitales II\Repositorio MCU\lpc_chip_175x_6x\Debug\liblpc_chip_175x_6x.a(i2c_17xx_40xx.o)
                0x0000316c                Chip_I2C_SetClockRate
 .text.Chip_I2C_SetMasterEventHandler
                0x000031d4       0x48 D:\Facultad\Digitales II\Repositorio MCU\lpc_chip_175x_6x\Debug\liblpc_chip_175x_6x.a(i2c_17xx_40xx.o)
                0x000031d4                Chip_I2C_SetMasterEventHandler
 .text.Chip_I2C_MasterTransfer
                0x0000321c       0x9c D:\Facultad\Digitales II\Repositorio MCU\lpc_chip_175x_6x\Debug\liblpc_chip_175x_6x.a(i2c_17xx_40xx.o)
                0x0000321c                Chip_I2C_MasterTransfer
 .text.Chip_I2C_MasterSend
                0x000032b8       0x58 D:\Facultad\Digitales II\Repositorio MCU\lpc_chip_175x_6x\Debug\liblpc_chip_175x_6x.a(i2c_17xx_40xx.o)
                0x000032b8                Chip_I2C_MasterSend
 .text.Chip_I2C_MasterStateHandler
                0x00003310       0x60 D:\Facultad\Digitales II\Repositorio MCU\lpc_chip_175x_6x\Debug\liblpc_chip_175x_6x.a(i2c_17xx_40xx.o)
                0x00003310                Chip_I2C_MasterStateHandler
 .text.Chip_IOCON_PinMux
                0x00003370       0x92 D:\Facultad\Digitales II\Repositorio MCU\lpc_chip_175x_6x\Debug\liblpc_chip_175x_6x.a(iocon_17xx_40xx.o)
                0x00003370                Chip_IOCON_PinMux
 *fill*         0x00003402        0x2 ff
 .text.Chip_Clock_IsMainPLLEnabled
                0x00003404       0x24 D:\Facultad\Digitales II\Repositorio MCU\lpc_chip_175x_6x\Debug\liblpc_chip_175x_6x.a(sysinit_17xx_40xx.o)
 .text.Chip_Clock_IsMainPLLLocked
                0x00003428       0x24 D:\Facultad\Digitales II\Repositorio MCU\lpc_chip_175x_6x\Debug\liblpc_chip_175x_6x.a(sysinit_17xx_40xx.o)
 .text.Chip_Clock_IsMainPLLConnected
                0x0000344c       0x24 D:\Facultad\Digitales II\Repositorio MCU\lpc_chip_175x_6x\Debug\liblpc_chip_175x_6x.a(sysinit_17xx_40xx.o)
 .text.Chip_Clock_EnableCrystal
                0x00003470       0x20 D:\Facultad\Digitales II\Repositorio MCU\lpc_chip_175x_6x\Debug\liblpc_chip_175x_6x.a(sysinit_17xx_40xx.o)
 .text.Chip_Clock_IsCrystalEnabled
                0x00003490       0x24 D:\Facultad\Digitales II\Repositorio MCU\lpc_chip_175x_6x\Debug\liblpc_chip_175x_6x.a(sysinit_17xx_40xx.o)
 .text.Chip_Clock_SetMainPLLSource
                0x000034b4       0x20 D:\Facultad\Digitales II\Repositorio MCU\lpc_chip_175x_6x\Debug\liblpc_chip_175x_6x.a(sysinit_17xx_40xx.o)
 .text.Chip_SetupXtalClocking
                0x000034d4       0x90 D:\Facultad\Digitales II\Repositorio MCU\lpc_chip_175x_6x\Debug\liblpc_chip_175x_6x.a(sysinit_17xx_40xx.o)
                0x000034d4                Chip_SetupXtalClocking
 .text.Chip_SystemInit
                0x00003564        0xc D:\Facultad\Digitales II\Repositorio MCU\lpc_chip_175x_6x\Debug\liblpc_chip_175x_6x.a(sysinit_17xx_40xx.o)
                0x00003564                Chip_SystemInit
 .text.__main   0x00003570        0xe c:/nxp/mcuxpressoide_10.1.1_606/ide/tools/bin/../lib/gcc/arm-none-eabi/6.3.1/../../../../arm-none-eabi/lib/thumb/v7-m\libcr_semihost.a(_cr__main.o)
                0x00003570                __CR_SEMIHOST
                0x00003570                __main
 .text.memcpy   0x0000357e        0x4 c:/nxp/mcuxpressoide_10.1.1_606/ide/tools/bin/../lib/gcc/arm-none-eabi/6.3.1/../../../../arm-none-eabi/lib/thumb/v7-m\libcr_c.a(memcpy.o)
                0x0000357e                memcpy
 .text.memset   0x00003582        0x4 c:/nxp/mcuxpressoide_10.1.1_606/ide/tools/bin/../lib/gcc/arm-none-eabi/6.3.1/../../../../arm-none-eabi/lib/thumb/v7-m\libcr_c.a(memset.o)
                0x00003582                memset
 *fill*         0x00003586        0x2 ff
 .text.malloc   0x00003588       0xc4 c:/nxp/mcuxpressoide_10.1.1_606/ide/tools/bin/../lib/gcc/arm-none-eabi/6.3.1/../../../../arm-none-eabi/lib/thumb/v7-m\libcr_c.a(alloc.o)
                0x00003588                malloc
 .text.free     0x0000364c       0x30 c:/nxp/mcuxpressoide_10.1.1_606/ide/tools/bin/../lib/gcc/arm-none-eabi/6.3.1/../../../../arm-none-eabi/lib/thumb/v7-m\libcr_c.a(alloc.o)
                0x0000364c                free
 .text._initio  0x0000367c       0x78 c:/nxp/mcuxpressoide_10.1.1_606/ide/tools/bin/../lib/gcc/arm-none-eabi/6.3.1/../../../../arm-none-eabi/lib/thumb/v7-m\libcr_c.a(initio.o)
                0x0000367c                _initio
 .text.setvbuf  0x000036f4       0x40 c:/nxp/mcuxpressoide_10.1.1_606/ide/tools/bin/../lib/gcc/arm-none-eabi/6.3.1/../../../../arm-none-eabi/lib/thumb/v7-m\libcr_c.a(setvbuf.o)
                0x000036f4                setvbuf
 .text._sbrk    0x00003734       0x3c c:/nxp/mcuxpressoide_10.1.1_606/ide/tools/bin/../lib/gcc/arm-none-eabi/6.3.1/../../../../arm-none-eabi/lib/thumb/v7-m\libcr_c.a(_cr_sbrk.o)
                0x00003734                _sbrk
 .text._fdopen  0x00003770       0x68 c:/nxp/mcuxpressoide_10.1.1_606/ide/tools/bin/../lib/gcc/arm-none-eabi/6.3.1/../../../../arm-none-eabi/lib/thumb/v7-m\libcr_c.a(_fdopen.o)
                0x00003770                _fdopen
 .text.fclose   0x000037d8       0x58 c:/nxp/mcuxpressoide_10.1.1_606/ide/tools/bin/../lib/gcc/arm-none-eabi/6.3.1/../../../../arm-none-eabi/lib/thumb/v7-m\libcr_c.a(fclose.o)
                0x000037d8                fclose
 .text.fflush   0x00003830       0x44 c:/nxp/mcuxpressoide_10.1.1_606/ide/tools/bin/../lib/gcc/arm-none-eabi/6.3.1/../../../../arm-none-eabi/lib/thumb/v7-m\libcr_c.a(fflush.o)
                0x00003830                fflush
 .text.fseek    0x00003874      0x100 c:/nxp/mcuxpressoide_10.1.1_606/ide/tools/bin/../lib/gcc/arm-none-eabi/6.3.1/../../../../arm-none-eabi/lib/thumb/v7-m\libcr_c.a(fseek.o)
                0x00003874                fseek
 .text.ftell    0x00003974       0x48 c:/nxp/mcuxpressoide_10.1.1_606/ide/tools/bin/../lib/gcc/arm-none-eabi/6.3.1/../../../../arm-none-eabi/lib/thumb/v7-m\libcr_c.a(ftell.o)
                0x00003974                ftell
 .text.remove   0x000039bc       0x14 c:/nxp/mcuxpressoide_10.1.1_606/ide/tools/bin/../lib/gcc/arm-none-eabi/6.3.1/../../../../arm-none-eabi/lib/thumb/v7-m\libcr_c.a(remove.o)
                0x000039bc                remove
 .text.strlen   0x000039d0       0x4a c:/nxp/mcuxpressoide_10.1.1_606/ide/tools/bin/../lib/gcc/arm-none-eabi/6.3.1/../../../../arm-none-eabi/lib/thumb/v7-m\libcr_c.a(strlen.o)
                0x000039d0                strlen
 *fill*         0x00003a1a        0x2 ff
 .text.__check_heap_overflow
                0x00003a1c       0x18 c:/nxp/mcuxpressoide_10.1.1_606/ide/tools/bin/../lib/gcc/arm-none-eabi/6.3.1/../../../../arm-none-eabi/lib/thumb/v7-m\libcr_c.a(_cr_check_heap.o)
                0x00003a1c                __check_heap_overflow
 .text._do_fflush
                0x00003a34       0x40 c:/nxp/mcuxpressoide_10.1.1_606/ide/tools/bin/../lib/gcc/arm-none-eabi/6.3.1/../../../../arm-none-eabi/lib/thumb/v7-m\libcr_c.a(_do_fflush.o)
                0x00003a34                _do_fflush
 .text._fflush  0x00003a74       0x54 c:/nxp/mcuxpressoide_10.1.1_606/ide/tools/bin/../lib/gcc/arm-none-eabi/6.3.1/../../../../arm-none-eabi/lib/thumb/v7-m\libcr_c.a(_fflush.o)
                0x00003a74                _fflush
 .text._Cwritebuf
                0x00003ac8       0x6c c:/nxp/mcuxpressoide_10.1.1_606/ide/tools/bin/../lib/gcc/arm-none-eabi/6.3.1/../../../../arm-none-eabi/lib/thumb/v7-m\libcr_c.a(_writebuf.o)
                0x00003ac8                _Cwritebuf
 .text._deferredlazyseek
                0x00003b34       0x40 c:/nxp/mcuxpressoide_10.1.1_606/ide/tools/bin/../lib/gcc/arm-none-eabi/6.3.1/../../../../arm-none-eabi/lib/thumb/v7-m\libcr_c.a(_deferredlazyseek.o)
                0x00003b34                _deferredlazyseek
 .text.__aeabi_memcpy
                0x00003b74       0x34 c:/nxp/mcuxpressoide_10.1.1_606/ide/tools/bin/../lib/gcc/arm-none-eabi/6.3.1/thumb/v7-m\libcr_eabihelpers.a(memcpy.o)
                0x00003b74                __aeabi_memcpy
                0x00003b7e                __aeabi_memcpy8
                0x00003b7e                __aeabi_memcpy4
 .text.__aeabi_memset_lowlevel
                0x00003ba8       0x32 c:/nxp/mcuxpressoide_10.1.1_606/ide/tools/bin/../lib/gcc/arm-none-eabi/6.3.1/thumb/v7-m\libcr_eabihelpers.a(memcpy.o)
                0x00003ba8                __aeabi_lowlevel_memset
 .text.__sys_close
                0x00003bda        0xc c:/nxp/mcuxpressoide_10.1.1_606/ide/tools/bin/../lib/gcc/arm-none-eabi/6.3.1/../../../../arm-none-eabi/lib/thumb/v7-m\libcr_semihost.a(__sys_close.o)
                0x00003bda                __sys_close
 .text.__sys_flen
                0x00003be6        0xc c:/nxp/mcuxpressoide_10.1.1_606/ide/tools/bin/../lib/gcc/arm-none-eabi/6.3.1/../../../../arm-none-eabi/lib/thumb/v7-m\libcr_semihost.a(__sys_flen.o)
                0x00003be6                __sys_flen
 .text.__sys_istty
                0x00003bf2        0xc c:/nxp/mcuxpressoide_10.1.1_606/ide/tools/bin/../lib/gcc/arm-none-eabi/6.3.1/../../../../arm-none-eabi/lib/thumb/v7-m\libcr_semihost.a(__sys_istty.o)
                0x00003bf2                __sys_istty
 .text.__sys_remove
                0x00003bfe        0xc c:/nxp/mcuxpressoide_10.1.1_606/ide/tools/bin/../lib/gcc/arm-none-eabi/6.3.1/../../../../arm-none-eabi/lib/thumb/v7-m\libcr_semihost.a(__sys_remove.o)
                0x00003bfe                __sys_remove
 .text.__sys_seek
                0x00003c0a        0xc c:/nxp/mcuxpressoide_10.1.1_606/ide/tools/bin/../lib/gcc/arm-none-eabi/6.3.1/../../../../arm-none-eabi/lib/thumb/v7-m\libcr_semihost.a(__sys_seek.o)
                0x00003c0a                __sys_seek
 .text.__sys_tmpnam
                0x00003c16        0xc c:/nxp/mcuxpressoide_10.1.1_606/ide/tools/bin/../lib/gcc/arm-none-eabi/6.3.1/../../../../arm-none-eabi/lib/thumb/v7-m\libcr_semihost.a(__sys_tmpnam.o)
                0x00003c16                __sys_tmpnam
 .text.__sys_write
                0x00003c22        0xc c:/nxp/mcuxpressoide_10.1.1_606/ide/tools/bin/../lib/gcc/arm-none-eabi/6.3.1/../../../../arm-none-eabi/lib/thumb/v7-m\libcr_semihost.a(__sys_write.o)
                0x00003c22                __sys_write
 *(.rodata .rodata.* .constdata .constdata.*)
 *fill*         0x00003c2e        0x2 ff
 .rodata        0x00003c30        0x5 ./freeRTOS/src/tasks.o
 *fill*         0x00003c35        0x3 ff
 .rodata        0x00003c38       0x38 ./Example/src/FRTOS.o
 .rodata.OscRateIn
                0x00003c70        0x4 ./Example/src/sysinit.o
                0x00003c70                OscRateIn
 .rodata.RTCOscRateIn
                0x00003c74        0x4 ./Example/src/sysinit.o
                0x00003c74                RTCOscRateIn
 .rodata.I2C_PeriphClk
                0x00003c78        0x3 D:\Facultad\Digitales II\Repositorio MCU\lpc_chip_175x_6x\Debug\liblpc_chip_175x_6x.a(i2c_17xx_40xx.o)
 .rodata._initio.str1.1
                0x00003c7b        0x4 c:/nxp/mcuxpressoide_10.1.1_606/ide/tools/bin/../lib/gcc/arm-none-eabi/6.3.1/../../../../arm-none-eabi/lib/thumb/v7-m\libcr_c.a(initio.o)
 *fill*         0x00003c7f        0x1 ff
 .rodata.__num_Ciob_streams
                0x00003c80        0x4 c:/nxp/mcuxpressoide_10.1.1_606/ide/tools/bin/../lib/gcc/arm-none-eabi/6.3.1/../../../../arm-none-eabi/lib/thumb/v7-m\libcr_semihost.a(__ciob.o)
                0x00003c80                __num_Ciob_streams
                0x00003c84                . = ALIGN (0x4)

.glue_7         0x00003c84        0x0
 .glue_7        0x00003c84        0x0 linker stubs

.glue_7t        0x00003c84        0x0
 .glue_7t       0x00003c84        0x0 linker stubs

.vfp11_veneer   0x00003c84        0x0
 .vfp11_veneer  0x00003c84        0x0 linker stubs

.v4_bx          0x00003c84        0x0
 .v4_bx         0x00003c84        0x0 linker stubs

.iplt           0x00003c84        0x0
 .iplt          0x00003c84        0x0 ./freeRTOS/src/FreeRTOSCommonHooks.o

.rel.dyn        0x00003c84        0x0
 .rel.iplt      0x00003c84        0x0 ./freeRTOS/src/FreeRTOSCommonHooks.o

.ARM.extab
 *(.ARM.extab* .gnu.linkonce.armextab.*)
                0x00003c84                __exidx_start = .

.ARM.exidx
 *(.ARM.exidx* .gnu.linkonce.armexidx.*)
                0x00003c84                __exidx_end = .
                0x00003c84                _etext = .

.data_RAM2      0x2007c000        0x0 load address 0x00003c84
 FILL mask 0xff
                [!provide]                PROVIDE (__start_data_RAM2, .)
 *(.ramfunc.$RAM2)
 *(.ramfunc.$RamAHB32)
 *(.data.$RAM2*)
 *(.data.$RamAHB32*)
                0x2007c000                . = ALIGN (0x4)
                [!provide]                PROVIDE (__end_data_RAM2, .)

.uninit_RESERVED
                0x10000000        0x0
 *(.bss.$RESERVED*)
                0x10000000                . = ALIGN (0x4)
                0x10000000                _end_uninit_RESERVED = .

.data           0x10000000       0x58 load address 0x00003c84
 FILL mask 0xff
                0x10000000                _data = .
 *(vtable)
 *(.ramfunc*)
 *(.data*)
 .data.uxCriticalNesting
                0x10000000        0x4 ./freeRTOS/src/port.o
 .data.i2c      0x10000004       0x54 D:\Facultad\Digitales II\Repositorio MCU\lpc_chip_175x_6x\Debug\liblpc_chip_175x_6x.a(i2c_17xx_40xx.o)
                0x10000058                . = ALIGN (0x4)
                0x10000058                _edata = .

.igot.plt       0x10000058        0x0 load address 0x00003cdc
 .igot.plt      0x10000058        0x0 ./freeRTOS/src/FreeRTOSCommonHooks.o

.bss_RAM2       0x2007c000        0x0
                [!provide]                PROVIDE (__start_bss_RAM2, .)
 *(.bss.$RAM2*)
 *(.bss.$RamAHB32*)
                0x2007c000                . = ALIGN ((. != 0x0)?0x4:0x1)
                [!provide]                PROVIDE (__end_bss_RAM2, .)

.bss            0x10000058      0x320
                0x10000058                _bss = .
 *(.bss*)
 .bss.ulTimerCountsForOneTick
                0x10000058        0x4 ./freeRTOS/src/port.o
 .bss.xMaximumPossibleSuppressedTicks
                0x1000005c        0x4 ./freeRTOS/src/port.o
 .bss.ulStoppedTimerCompensation
                0x10000060        0x4 ./freeRTOS/src/port.o
 .bss.pxCurrentTCB
                0x10000064        0x4 ./freeRTOS/src/tasks.o
                0x10000064                pxCurrentTCB
 .bss.pxReadyTasksLists
                0x10000068       0x64 ./freeRTOS/src/tasks.o
 .bss.xDelayedTaskList1
                0x100000cc       0x14 ./freeRTOS/src/tasks.o
 .bss.xDelayedTaskList2
                0x100000e0       0x14 ./freeRTOS/src/tasks.o
 .bss.pxDelayedTaskList
                0x100000f4        0x4 ./freeRTOS/src/tasks.o
 .bss.pxOverflowDelayedTaskList
                0x100000f8        0x4 ./freeRTOS/src/tasks.o
 .bss.xPendingReadyList
                0x100000fc       0x14 ./freeRTOS/src/tasks.o
 .bss.xTasksWaitingTermination
                0x10000110       0x14 ./freeRTOS/src/tasks.o
 .bss.uxDeletedTasksWaitingCleanUp
                0x10000124        0x4 ./freeRTOS/src/tasks.o
 .bss.xSuspendedTaskList
                0x10000128       0x14 ./freeRTOS/src/tasks.o
 .bss.uxCurrentNumberOfTasks
                0x1000013c        0x4 ./freeRTOS/src/tasks.o
 .bss.xTickCount
                0x10000140        0x4 ./freeRTOS/src/tasks.o
 .bss.uxTopReadyPriority
                0x10000144        0x4 ./freeRTOS/src/tasks.o
 .bss.xSchedulerRunning
                0x10000148        0x4 ./freeRTOS/src/tasks.o
 .bss.uxPendedTicks
                0x1000014c        0x4 ./freeRTOS/src/tasks.o
 .bss.xYieldPending
                0x10000150        0x4 ./freeRTOS/src/tasks.o
 .bss.xNumOfOverflows
                0x10000154        0x4 ./freeRTOS/src/tasks.o
 .bss.uxTaskNumber
                0x10000158        0x4 ./freeRTOS/src/tasks.o
 .bss.xNextTaskUnblockTime
                0x1000015c        0x4 ./freeRTOS/src/tasks.o
 .bss.xIdleTaskHandle
                0x10000160        0x4 ./freeRTOS/src/tasks.o
 .bss.uxSchedulerSuspended
                0x10000164        0x4 ./freeRTOS/src/tasks.o
 .bss.Semaforo_Sonoro
                0x10000168        0x4 ./Example/src/FRTOS.o
                0x10000168                Semaforo_Sonoro
 .bss.Semaforo_2
                0x1000016c        0x4 ./Example/src/FRTOS.o
                0x1000016c                Semaforo_2
 .bss.ColaADCZona1
                0x10000170        0x4 ./Example/src/FRTOS.o
                0x10000170                ColaADCZona1
 .bss.ColaADCZona2
                0x10000174        0x4 ./Example/src/FRTOS.o
                0x10000174                ColaADCZona2
 .bss.ColaADCZona3
                0x10000178        0x4 ./Example/src/FRTOS.o
                0x10000178                ColaADCZona3
 .bss.ColaADCZona4
                0x1000017c        0x4 ./Example/src/FRTOS.o
                0x1000017c                ColaADCZona4
 .bss.ADCSetup  0x10000180        0x8 ./Example/src/FRTOS.o
 .bss.__end_of_heap
                0x10000188        0x4 c:/nxp/mcuxpressoide_10.1.1_606/ide/tools/bin/../lib/gcc/arm-none-eabi/6.3.1/../../../../arm-none-eabi/lib/thumb/v7-m\libcr_c.a(__init_alloc.o)
                0x10000188                __end_of_heap
 .bss.__heaps   0x1000018c        0x4 c:/nxp/mcuxpressoide_10.1.1_606/ide/tools/bin/../lib/gcc/arm-none-eabi/6.3.1/../../../../arm-none-eabi/lib/thumb/v7-m\libcr_c.a(__init_alloc.o)
                0x1000018c                __heaps
 .bss.errno     0x10000190        0x4 c:/nxp/mcuxpressoide_10.1.1_606/ide/tools/bin/../lib/gcc/arm-none-eabi/6.3.1/../../../../arm-none-eabi/lib/thumb/v7-m\libcr_c.a(errno.o)
                0x10000190                errno
 .bss.__Ciob    0x10000194      0x1e0 c:/nxp/mcuxpressoide_10.1.1_606/ide/tools/bin/../lib/gcc/arm-none-eabi/6.3.1/../../../../arm-none-eabi/lib/thumb/v7-m\libcr_semihost.a(__ciob.o)
                0x10000194                __Ciob
 *(COMMON)
 COMMON         0x10000374        0x4 D:\Facultad\Digitales II\Repositorio MCU\lpc_chip_175x_6x\Debug\liblpc_chip_175x_6x.a(chip_17xx_40xx.o)
                0x10000374                SystemCoreClock
                0x10000378                . = ALIGN (0x4)
                0x10000378                _ebss = .
                [!provide]                PROVIDE (end, .)

.noinit_RAM2    0x2007c000        0x0
 *(.noinit.$RAM2*)
 *(.noinit.$RamAHB32*)
                0x2007c000                . = ALIGN (0x4)

.noinit         0x10000378        0x0
                0x10000378                _noinit = .
 *(.noinit*)
                0x10000378                . = ALIGN (0x4)
                0x10000378                _end_noinit = .
                0x10000378                PROVIDE (_pvHeapStart, DEFINED (__user_heap_base)?__user_heap_base:.)
                0x10008000                PROVIDE (_vStackTop, DEFINED (__user_stack_top)?__user_stack_top:(__top_RamLoc32 - 0x0))
                0xefff74de                PROVIDE (__valid_user_code_checksum, (0x0 - ((((((_vStackTop + (ResetISR + 0x1)) + (NMI_Handler + 0x1)) + (HardFault_Handler + 0x1)) + (DEFINED (MemManage_Handler)?MemManage_Handler:0x0 + 0x1)) + (DEFINED (BusFault_Handler)?BusFault_Handler:0x0 + 0x1)) + (DEFINED (UsageFault_Handler)?UsageFault_Handler:0x0 + 0x1))))
                0x00000000                _image_start = LOADADDR (.text)
                0x00003cdc                _image_end = (LOADADDR (.data) + SIZEOF (.data))
                0x00003cdc                _image_size = (_image_end - _image_start)
OUTPUT(2° Parciales.axf elf32-littlearm)

.debug_info     0x00000000     0x73e4
 .debug_info    0x00000000      0x25e ./freeRTOS/src/FreeRTOSCommonHooks.o
 .debug_info    0x0000025e      0x132 ./freeRTOS/src/heap_3.o
 .debug_info    0x00000390      0x2d6 ./freeRTOS/src/list.o
 .debug_info    0x00000666      0x3e7 ./freeRTOS/src/port.o
 .debug_info    0x00000a4d      0xf58 ./freeRTOS/src/queue.o
 .debug_info    0x000019a5     0x19ae ./freeRTOS/src/tasks.o
 .debug_info    0x00003353      0xc22 ./Example/src/FRTOS.o
 .debug_info    0x00003f75      0x25c ./Example/src/cr_startup_lpc175x_6x.o
 .debug_info    0x000041d1      0x200 ./Example/src/sysinit.o
 .debug_info    0x000043d1      0x8cd D:\Facultad\Digitales II\Repositorio MCU\lpc_chip_175x_6x\Debug\liblpc_chip_175x_6x.a(adc_17xx_40xx.o)
 .debug_info    0x00004c9e      0x55a D:\Facultad\Digitales II\Repositorio MCU\lpc_chip_175x_6x\Debug\liblpc_chip_175x_6x.a(chip_17xx_40xx.o)
 .debug_info    0x000051f8      0xba2 D:\Facultad\Digitales II\Repositorio MCU\lpc_chip_175x_6x\Debug\liblpc_chip_175x_6x.a(clock_17xx_40xx.o)
 .debug_info    0x00005d9a      0xeac D:\Facultad\Digitales II\Repositorio MCU\lpc_chip_175x_6x\Debug\liblpc_chip_175x_6x.a(i2c_17xx_40xx.o)
 .debug_info    0x00006c46      0x325 D:\Facultad\Digitales II\Repositorio MCU\lpc_chip_175x_6x\Debug\liblpc_chip_175x_6x.a(iocon_17xx_40xx.o)
 .debug_info    0x00006f6b      0x479 D:\Facultad\Digitales II\Repositorio MCU\lpc_chip_175x_6x\Debug\liblpc_chip_175x_6x.a(sysinit_17xx_40xx.o)

.debug_abbrev   0x00000000     0x1ae1
 .debug_abbrev  0x00000000      0x17b ./freeRTOS/src/FreeRTOSCommonHooks.o
 .debug_abbrev  0x0000017b       0xe2 ./freeRTOS/src/heap_3.o
 .debug_abbrev  0x0000025d      0x112 ./freeRTOS/src/list.o
 .debug_abbrev  0x0000036f      0x231 ./freeRTOS/src/port.o
 .debug_abbrev  0x000005a0      0x242 ./freeRTOS/src/queue.o
 .debug_abbrev  0x000007e2      0x2fc ./freeRTOS/src/tasks.o
 .debug_abbrev  0x00000ade      0x25a ./Example/src/FRTOS.o
 .debug_abbrev  0x00000d38      0x114 ./Example/src/cr_startup_lpc175x_6x.o
 .debug_abbrev  0x00000e4c       0xdb ./Example/src/sysinit.o
 .debug_abbrev  0x00000f27      0x1c8 D:\Facultad\Digitales II\Repositorio MCU\lpc_chip_175x_6x\Debug\liblpc_chip_175x_6x.a(adc_17xx_40xx.o)
 .debug_abbrev  0x000010ef      0x14d D:\Facultad\Digitales II\Repositorio MCU\lpc_chip_175x_6x\Debug\liblpc_chip_175x_6x.a(chip_17xx_40xx.o)
 .debug_abbrev  0x0000123c      0x301 D:\Facultad\Digitales II\Repositorio MCU\lpc_chip_175x_6x\Debug\liblpc_chip_175x_6x.a(clock_17xx_40xx.o)
 .debug_abbrev  0x0000153d      0x2d0 D:\Facultad\Digitales II\Repositorio MCU\lpc_chip_175x_6x\Debug\liblpc_chip_175x_6x.a(i2c_17xx_40xx.o)
 .debug_abbrev  0x0000180d      0x14a D:\Facultad\Digitales II\Repositorio MCU\lpc_chip_175x_6x\Debug\liblpc_chip_175x_6x.a(iocon_17xx_40xx.o)
 .debug_abbrev  0x00001957      0x18a D:\Facultad\Digitales II\Repositorio MCU\lpc_chip_175x_6x\Debug\liblpc_chip_175x_6x.a(sysinit_17xx_40xx.o)

.debug_aranges  0x00000000      0x8f0
 .debug_aranges
                0x00000000       0x40 ./freeRTOS/src/FreeRTOSCommonHooks.o
 .debug_aranges
                0x00000040       0x28 ./freeRTOS/src/heap_3.o
 .debug_aranges
                0x00000068       0x40 ./freeRTOS/src/list.o
 .debug_aranges
                0x000000a8       0x78 ./freeRTOS/src/port.o
 .debug_aranges
                0x00000120      0x110 ./freeRTOS/src/queue.o
 .debug_aranges
                0x00000230      0x1e8 ./freeRTOS/src/tasks.o
 .debug_aranges
                0x00000418       0xb0 ./Example/src/FRTOS.o
 .debug_aranges
                0x000004c8       0x80 ./Example/src/cr_startup_lpc175x_6x.o
 .debug_aranges
                0x00000548       0x20 ./Example/src/sysinit.o
 .debug_aranges
                0x00000568       0x88 D:\Facultad\Digitales II\Repositorio MCU\lpc_chip_175x_6x\Debug\liblpc_chip_175x_6x.a(adc_17xx_40xx.o)
 .debug_aranges
                0x000005f0       0x38 D:\Facultad\Digitales II\Repositorio MCU\lpc_chip_175x_6x\Debug\liblpc_chip_175x_6x.a(chip_17xx_40xx.o)
 .debug_aranges
                0x00000628      0x120 D:\Facultad\Digitales II\Repositorio MCU\lpc_chip_175x_6x\Debug\liblpc_chip_175x_6x.a(clock_17xx_40xx.o)
 .debug_aranges
                0x00000748      0x118 D:\Facultad\Digitales II\Repositorio MCU\lpc_chip_175x_6x\Debug\liblpc_chip_175x_6x.a(i2c_17xx_40xx.o)
 .debug_aranges
                0x00000860       0x30 D:\Facultad\Digitales II\Repositorio MCU\lpc_chip_175x_6x\Debug\liblpc_chip_175x_6x.a(iocon_17xx_40xx.o)
 .debug_aranges
                0x00000890       0x60 D:\Facultad\Digitales II\Repositorio MCU\lpc_chip_175x_6x\Debug\liblpc_chip_175x_6x.a(sysinit_17xx_40xx.o)

.debug_ranges   0x00000000      0x800
 .debug_ranges  0x00000000       0x30 ./freeRTOS/src/FreeRTOSCommonHooks.o
 .debug_ranges  0x00000030       0x18 ./freeRTOS/src/heap_3.o
 .debug_ranges  0x00000048       0x30 ./freeRTOS/src/list.o
 .debug_ranges  0x00000078       0x68 ./freeRTOS/src/port.o
 .debug_ranges  0x000000e0      0x100 ./freeRTOS/src/queue.o
 .debug_ranges  0x000001e0      0x1d8 ./freeRTOS/src/tasks.o
 .debug_ranges  0x000003b8       0xa0 ./Example/src/FRTOS.o
 .debug_ranges  0x00000458       0x70 ./Example/src/cr_startup_lpc175x_6x.o
 .debug_ranges  0x000004c8       0x10 ./Example/src/sysinit.o
 .debug_ranges  0x000004d8       0x78 D:\Facultad\Digitales II\Repositorio MCU\lpc_chip_175x_6x\Debug\liblpc_chip_175x_6x.a(adc_17xx_40xx.o)
 .debug_ranges  0x00000550       0x28 D:\Facultad\Digitales II\Repositorio MCU\lpc_chip_175x_6x\Debug\liblpc_chip_175x_6x.a(chip_17xx_40xx.o)
 .debug_ranges  0x00000578      0x110 D:\Facultad\Digitales II\Repositorio MCU\lpc_chip_175x_6x\Debug\liblpc_chip_175x_6x.a(clock_17xx_40xx.o)
 .debug_ranges  0x00000688      0x108 D:\Facultad\Digitales II\Repositorio MCU\lpc_chip_175x_6x\Debug\liblpc_chip_175x_6x.a(i2c_17xx_40xx.o)
 .debug_ranges  0x00000790       0x20 D:\Facultad\Digitales II\Repositorio MCU\lpc_chip_175x_6x\Debug\liblpc_chip_175x_6x.a(iocon_17xx_40xx.o)
 .debug_ranges  0x000007b0       0x50 D:\Facultad\Digitales II\Repositorio MCU\lpc_chip_175x_6x\Debug\liblpc_chip_175x_6x.a(sysinit_17xx_40xx.o)

.debug_macro    0x00000000     0x6449
 .debug_macro   0x00000000      0x259 ./freeRTOS/src/FreeRTOSCommonHooks.o
 .debug_macro   0x00000259      0x8d4 ./freeRTOS/src/FreeRTOSCommonHooks.o
 .debug_macro   0x00000b2d       0x10 ./freeRTOS/src/FreeRTOSCommonHooks.o
 .debug_macro   0x00000b3d      0x12d ./freeRTOS/src/FreeRTOSCommonHooks.o
 .debug_macro   0x00000c6a       0x16 ./freeRTOS/src/FreeRTOSCommonHooks.o
 .debug_macro   0x00000c80      0x5b2 ./freeRTOS/src/FreeRTOSCommonHooks.o
 .debug_macro   0x00001232       0xe8 ./freeRTOS/src/FreeRTOSCommonHooks.o
 .debug_macro   0x0000131a      0x168 ./freeRTOS/src/FreeRTOSCommonHooks.o
 .debug_macro   0x00001482       0xe4 ./freeRTOS/src/FreeRTOSCommonHooks.o
 .debug_macro   0x00001566       0x10 ./freeRTOS/src/FreeRTOSCommonHooks.o
 .debug_macro   0x00001576       0x1f ./freeRTOS/src/FreeRTOSCommonHooks.o
 .debug_macro   0x00001595      0x3f3 ./freeRTOS/src/FreeRTOSCommonHooks.o
 .debug_macro   0x00001988       0xc0 ./freeRTOS/src/FreeRTOSCommonHooks.o
 .debug_macro   0x00001a48       0x8c ./freeRTOS/src/FreeRTOSCommonHooks.o
 .debug_macro   0x00001ad4       0x22 ./freeRTOS/src/FreeRTOSCommonHooks.o
 .debug_macro   0x00001af6       0x74 ./freeRTOS/src/FreeRTOSCommonHooks.o
 .debug_macro   0x00001b6a       0x10 ./freeRTOS/src/FreeRTOSCommonHooks.o
 .debug_macro   0x00001b7a       0x2d ./freeRTOS/src/FreeRTOSCommonHooks.o
 .debug_macro   0x00001ba7       0x3a ./freeRTOS/src/FreeRTOSCommonHooks.o
 .debug_macro   0x00001be1       0x2d ./freeRTOS/src/FreeRTOSCommonHooks.o
 .debug_macro   0x00001c0e      0xbb1 ./freeRTOS/src/FreeRTOSCommonHooks.o
 .debug_macro   0x000027bf      0x22c ./freeRTOS/src/FreeRTOSCommonHooks.o
 .debug_macro   0x000029eb       0x42 ./freeRTOS/src/FreeRTOSCommonHooks.o
 .debug_macro   0x00002a2d       0x52 ./freeRTOS/src/FreeRTOSCommonHooks.o
 .debug_macro   0x00002a7f       0x78 ./freeRTOS/src/FreeRTOSCommonHooks.o
 .debug_macro   0x00002af7       0x82 ./freeRTOS/src/FreeRTOSCommonHooks.o
 .debug_macro   0x00002b79      0x48c ./freeRTOS/src/FreeRTOSCommonHooks.o
 .debug_macro   0x00003005       0x34 ./freeRTOS/src/FreeRTOSCommonHooks.o
 .debug_macro   0x00003039      0x4c5 ./freeRTOS/src/FreeRTOSCommonHooks.o
 .debug_macro   0x000034fe      0x1b7 ./freeRTOS/src/FreeRTOSCommonHooks.o
 .debug_macro   0x000036b5       0x10 ./freeRTOS/src/FreeRTOSCommonHooks.o
 .debug_macro   0x000036c5      0x21b ./freeRTOS/src/FreeRTOSCommonHooks.o
 .debug_macro   0x000038e0      0x1b9 ./freeRTOS/src/FreeRTOSCommonHooks.o
 .debug_macro   0x00003a99       0x40 ./freeRTOS/src/FreeRTOSCommonHooks.o
 .debug_macro   0x00003ad9       0x22 ./freeRTOS/src/FreeRTOSCommonHooks.o
 .debug_macro   0x00003afb      0x162 ./freeRTOS/src/FreeRTOSCommonHooks.o
 .debug_macro   0x00003c5d       0x94 ./freeRTOS/src/FreeRTOSCommonHooks.o
 .debug_macro   0x00003cf1       0xb3 ./freeRTOS/src/FreeRTOSCommonHooks.o
 .debug_macro   0x00003da4       0x4c ./freeRTOS/src/FreeRTOSCommonHooks.o
 .debug_macro   0x00003df0       0x16 ./freeRTOS/src/FreeRTOSCommonHooks.o
 .debug_macro   0x00003e06      0x328 ./freeRTOS/src/FreeRTOSCommonHooks.o
 .debug_macro   0x0000412e       0x49 ./freeRTOS/src/FreeRTOSCommonHooks.o
 .debug_macro   0x00004177       0x16 ./freeRTOS/src/FreeRTOSCommonHooks.o
 .debug_macro   0x0000418d       0xca ./freeRTOS/src/FreeRTOSCommonHooks.o
 .debug_macro   0x00004257       0x11 ./freeRTOS/src/FreeRTOSCommonHooks.o
 .debug_macro   0x00004268       0xd4 ./freeRTOS/src/heap_3.o
 .debug_macro   0x0000433c       0xb9 ./freeRTOS/src/list.o
 .debug_macro   0x000043f5      0x159 ./freeRTOS/src/port.o
 .debug_macro   0x0000454e      0x122 ./freeRTOS/src/queue.o
 .debug_macro   0x00004670       0x94 ./freeRTOS/src/queue.o
 .debug_macro   0x00004704      0x185 ./freeRTOS/src/tasks.o
 .debug_macro   0x00004889       0x11 ./freeRTOS/src/tasks.o
 .debug_macro   0x0000489a      0x352 ./Example/src/FRTOS.o
 .debug_macro   0x00004bec       0x7b ./Example/src/FRTOS.o
 .debug_macro   0x00004c67       0x18 ./Example/src/FRTOS.o
 .debug_macro   0x00004c7f       0x10 ./Example/src/FRTOS.o
 .debug_macro   0x00004c8f       0xe8 ./Example/src/FRTOS.o
 .debug_macro   0x00004d77       0x78 ./Example/src/FRTOS.o
 .debug_macro   0x00004def       0x82 ./Example/src/FRTOS.o
 .debug_macro   0x00004e71       0x1d ./Example/src/cr_startup_lpc175x_6x.o
 .debug_macro   0x00004e8e      0x1d7 ./Example/src/sysinit.o
 .debug_macro   0x00005065      0x1d7 D:\Facultad\Digitales II\Repositorio MCU\lpc_chip_175x_6x\Debug\liblpc_chip_175x_6x.a(adc_17xx_40xx.o)
 .debug_macro   0x0000523c      0x8c8 D:\Facultad\Digitales II\Repositorio MCU\lpc_chip_175x_6x\Debug\liblpc_chip_175x_6x.a(adc_17xx_40xx.o)
 .debug_macro   0x00005b04      0x1d7 D:\Facultad\Digitales II\Repositorio MCU\lpc_chip_175x_6x\Debug\liblpc_chip_175x_6x.a(chip_17xx_40xx.o)
 .debug_macro   0x00005cdb      0x1d7 D:\Facultad\Digitales II\Repositorio MCU\lpc_chip_175x_6x\Debug\liblpc_chip_175x_6x.a(clock_17xx_40xx.o)
 .debug_macro   0x00005eb2      0x1e9 D:\Facultad\Digitales II\Repositorio MCU\lpc_chip_175x_6x\Debug\liblpc_chip_175x_6x.a(i2c_17xx_40xx.o)
 .debug_macro   0x0000609b      0x1d7 D:\Facultad\Digitales II\Repositorio MCU\lpc_chip_175x_6x\Debug\liblpc_chip_175x_6x.a(iocon_17xx_40xx.o)
 .debug_macro   0x00006272      0x1d7 D:\Facultad\Digitales II\Repositorio MCU\lpc_chip_175x_6x\Debug\liblpc_chip_175x_6x.a(sysinit_17xx_40xx.o)

.debug_line     0x00000000     0x4c9f
 .debug_line    0x00000000      0x59e ./freeRTOS/src/FreeRTOSCommonHooks.o
 .debug_line    0x0000059e      0x23b ./freeRTOS/src/heap_3.o
 .debug_line    0x000007d9      0x289 ./freeRTOS/src/list.o
 .debug_line    0x00000a62      0x362 ./freeRTOS/src/port.o
 .debug_line    0x00000dc4      0x681 ./freeRTOS/src/queue.o
 .debug_line    0x00001445      0xbcc ./freeRTOS/src/tasks.o
 .debug_line    0x00002011      0x797 ./Example/src/FRTOS.o
 .debug_line    0x000027a8       0xdb ./Example/src/cr_startup_lpc175x_6x.o
 .debug_line    0x00002883      0x3fc ./Example/src/sysinit.o
 .debug_line    0x00002c7f      0x51c D:\Facultad\Digitales II\Repositorio MCU\lpc_chip_175x_6x\Debug\liblpc_chip_175x_6x.a(adc_17xx_40xx.o)
 .debug_line    0x0000319b      0x444 D:\Facultad\Digitales II\Repositorio MCU\lpc_chip_175x_6x\Debug\liblpc_chip_175x_6x.a(chip_17xx_40xx.o)
 .debug_line    0x000035df      0x6c0 D:\Facultad\Digitales II\Repositorio MCU\lpc_chip_175x_6x\Debug\liblpc_chip_175x_6x.a(clock_17xx_40xx.o)
 .debug_line    0x00003c9f      0x716 D:\Facultad\Digitales II\Repositorio MCU\lpc_chip_175x_6x\Debug\liblpc_chip_175x_6x.a(i2c_17xx_40xx.o)
 .debug_line    0x000043b5      0x430 D:\Facultad\Digitales II\Repositorio MCU\lpc_chip_175x_6x\Debug\liblpc_chip_175x_6x.a(iocon_17xx_40xx.o)
 .debug_line    0x000047e5      0x4ba D:\Facultad\Digitales II\Repositorio MCU\lpc_chip_175x_6x\Debug\liblpc_chip_175x_6x.a(sysinit_17xx_40xx.o)

.debug_str      0x00000000    0x19d45
 .debug_str     0x00000000    0x13aa9 ./freeRTOS/src/FreeRTOSCommonHooks.o
                              0x13ba8 (size before relaxing)
 .debug_str     0x00013aa9      0x103 ./freeRTOS/src/heap_3.o
                               0x72a2 (size before relaxing)
 .debug_str     0x00013bac      0x139 ./freeRTOS/src/list.o
                               0x6db2 (size before relaxing)
 .debug_str     0x00013ce5      0x75a ./freeRTOS/src/port.o
                               0x7985 (size before relaxing)
 .debug_str     0x0001443f      0xf75 ./freeRTOS/src/queue.o
                               0x832e (size before relaxing)
 .debug_str     0x000153b4     0x1b51 ./freeRTOS/src/tasks.o
                               0x908c (size before relaxing)
 .debug_str     0x00016f05     0x18a0 ./Example/src/FRTOS.o
                              0x15bc5 (size before relaxing)
 .debug_str     0x000187a5      0x1b3 ./Example/src/cr_startup_lpc175x_6x.o
                               0x2776 (size before relaxing)
 .debug_str     0x00018958       0x23 ./Example/src/sysinit.o
                              0x10798 (size before relaxing)
 .debug_str     0x0001897b      0x528 D:\Facultad\Digitales II\Repositorio MCU\lpc_chip_175x_6x\Debug\liblpc_chip_175x_6x.a(adc_17xx_40xx.o)
                              0x10e52 (size before relaxing)
 .debug_str     0x00018ea3      0x16b D:\Facultad\Digitales II\Repositorio MCU\lpc_chip_175x_6x\Debug\liblpc_chip_175x_6x.a(chip_17xx_40xx.o)
                              0x10b9f (size before relaxing)
 .debug_str     0x0001900e      0x623 D:\Facultad\Digitales II\Repositorio MCU\lpc_chip_175x_6x\Debug\liblpc_chip_175x_6x.a(clock_17xx_40xx.o)
                              0x1121d (size before relaxing)
 .debug_str     0x00019631      0x5b8 D:\Facultad\Digitales II\Repositorio MCU\lpc_chip_175x_6x\Debug\liblpc_chip_175x_6x.a(i2c_17xx_40xx.o)
                              0x1122d (size before relaxing)
 .debug_str     0x00019be9       0x98 D:\Facultad\Digitales II\Repositorio MCU\lpc_chip_175x_6x\Debug\liblpc_chip_175x_6x.a(iocon_17xx_40xx.o)
                              0x1069a (size before relaxing)
 .debug_str     0x00019c81       0xc4 D:\Facultad\Digitales II\Repositorio MCU\lpc_chip_175x_6x\Debug\liblpc_chip_175x_6x.a(sysinit_17xx_40xx.o)
                              0x10882 (size before relaxing)

.comment        0x00000000       0x7f
 .comment       0x00000000       0x7f ./freeRTOS/src/FreeRTOSCommonHooks.o
                                 0x80 (size before relaxing)
 .comment       0x0000007f       0x80 ./freeRTOS/src/heap_3.o
 .comment       0x0000007f       0x80 ./freeRTOS/src/list.o
 .comment       0x0000007f       0x80 ./freeRTOS/src/port.o
 .comment       0x0000007f       0x80 ./freeRTOS/src/queue.o
 .comment       0x0000007f       0x80 ./freeRTOS/src/tasks.o
 .comment       0x0000007f       0x80 ./Example/src/FRTOS.o
 .comment       0x0000007f       0x80 ./Example/src/cr_startup_lpc175x_6x.o
 .comment       0x0000007f       0x80 ./Example/src/sysinit.o
 .comment       0x0000007f       0x80 D:\Facultad\Digitales II\Repositorio MCU\lpc_chip_175x_6x\Debug\liblpc_chip_175x_6x.a(adc_17xx_40xx.o)
 .comment       0x0000007f       0x80 D:\Facultad\Digitales II\Repositorio MCU\lpc_chip_175x_6x\Debug\liblpc_chip_175x_6x.a(chip_17xx_40xx.o)
 .comment       0x0000007f       0x80 D:\Facultad\Digitales II\Repositorio MCU\lpc_chip_175x_6x\Debug\liblpc_chip_175x_6x.a(clock_17xx_40xx.o)
 .comment       0x0000007f       0x80 D:\Facultad\Digitales II\Repositorio MCU\lpc_chip_175x_6x\Debug\liblpc_chip_175x_6x.a(i2c_17xx_40xx.o)
 .comment       0x0000007f       0x80 D:\Facultad\Digitales II\Repositorio MCU\lpc_chip_175x_6x\Debug\liblpc_chip_175x_6x.a(iocon_17xx_40xx.o)
 .comment       0x0000007f       0x80 D:\Facultad\Digitales II\Repositorio MCU\lpc_chip_175x_6x\Debug\liblpc_chip_175x_6x.a(sysinit_17xx_40xx.o)
 .comment       0x0000007f       0x80 c:/nxp/mcuxpressoide_10.1.1_606/ide/tools/bin/../lib/gcc/arm-none-eabi/6.3.1/../../../../arm-none-eabi/lib/thumb/v7-m\libcr_semihost.a(_cr__main.o)
 .comment       0x0000007f       0x80 c:/nxp/mcuxpressoide_10.1.1_606/ide/tools/bin/../lib/gcc/arm-none-eabi/6.3.1/../../../../arm-none-eabi/lib/thumb/v7-m\libcr_c.a(memcpy.o)
 .comment       0x0000007f       0x80 c:/nxp/mcuxpressoide_10.1.1_606/ide/tools/bin/../lib/gcc/arm-none-eabi/6.3.1/../../../../arm-none-eabi/lib/thumb/v7-m\libcr_c.a(memset.o)
 .comment       0x0000007f       0x80 c:/nxp/mcuxpressoide_10.1.1_606/ide/tools/bin/../lib/gcc/arm-none-eabi/6.3.1/../../../../arm-none-eabi/lib/thumb/v7-m\libcr_c.a(alloc.o)
 .comment       0x0000007f       0x80 c:/nxp/mcuxpressoide_10.1.1_606/ide/tools/bin/../lib/gcc/arm-none-eabi/6.3.1/../../../../arm-none-eabi/lib/thumb/v7-m\libcr_c.a(initio.o)
 .comment       0x0000007f       0x80 c:/nxp/mcuxpressoide_10.1.1_606/ide/tools/bin/../lib/gcc/arm-none-eabi/6.3.1/../../../../arm-none-eabi/lib/thumb/v7-m\libcr_c.a(setvbuf.o)
 .comment       0x0000007f       0x80 c:/nxp/mcuxpressoide_10.1.1_606/ide/tools/bin/../lib/gcc/arm-none-eabi/6.3.1/../../../../arm-none-eabi/lib/thumb/v7-m\libcr_c.a(__init_alloc.o)
 .comment       0x0000007f       0x80 c:/nxp/mcuxpressoide_10.1.1_606/ide/tools/bin/../lib/gcc/arm-none-eabi/6.3.1/../../../../arm-none-eabi/lib/thumb/v7-m\libcr_c.a(_cr_sbrk.o)
 .comment       0x0000007f       0x80 c:/nxp/mcuxpressoide_10.1.1_606/ide/tools/bin/../lib/gcc/arm-none-eabi/6.3.1/../../../../arm-none-eabi/lib/thumb/v7-m\libcr_c.a(_fdopen.o)
 .comment       0x0000007f       0x80 c:/nxp/mcuxpressoide_10.1.1_606/ide/tools/bin/../lib/gcc/arm-none-eabi/6.3.1/../../../../arm-none-eabi/lib/thumb/v7-m\libcr_c.a(errno.o)
 .comment       0x0000007f       0x80 c:/nxp/mcuxpressoide_10.1.1_606/ide/tools/bin/../lib/gcc/arm-none-eabi/6.3.1/../../../../arm-none-eabi/lib/thumb/v7-m\libcr_c.a(fclose.o)
 .comment       0x0000007f       0x80 c:/nxp/mcuxpressoide_10.1.1_606/ide/tools/bin/../lib/gcc/arm-none-eabi/6.3.1/../../../../arm-none-eabi/lib/thumb/v7-m\libcr_c.a(fflush.o)
 .comment       0x0000007f       0x80 c:/nxp/mcuxpressoide_10.1.1_606/ide/tools/bin/../lib/gcc/arm-none-eabi/6.3.1/../../../../arm-none-eabi/lib/thumb/v7-m\libcr_c.a(fseek.o)
 .comment       0x0000007f       0x80 c:/nxp/mcuxpressoide_10.1.1_606/ide/tools/bin/../lib/gcc/arm-none-eabi/6.3.1/../../../../arm-none-eabi/lib/thumb/v7-m\libcr_c.a(ftell.o)
 .comment       0x0000007f       0x80 c:/nxp/mcuxpressoide_10.1.1_606/ide/tools/bin/../lib/gcc/arm-none-eabi/6.3.1/../../../../arm-none-eabi/lib/thumb/v7-m\libcr_c.a(remove.o)
 .comment       0x0000007f       0x80 c:/nxp/mcuxpressoide_10.1.1_606/ide/tools/bin/../lib/gcc/arm-none-eabi/6.3.1/../../../../arm-none-eabi/lib/thumb/v7-m\libcr_c.a(strlen.o)
 .comment       0x0000007f       0x80 c:/nxp/mcuxpressoide_10.1.1_606/ide/tools/bin/../lib/gcc/arm-none-eabi/6.3.1/../../../../arm-none-eabi/lib/thumb/v7-m\libcr_c.a(_cr_check_heap.o)
 .comment       0x0000007f       0x80 c:/nxp/mcuxpressoide_10.1.1_606/ide/tools/bin/../lib/gcc/arm-none-eabi/6.3.1/../../../../arm-none-eabi/lib/thumb/v7-m\libcr_c.a(_do_fflush.o)
 .comment       0x0000007f       0x80 c:/nxp/mcuxpressoide_10.1.1_606/ide/tools/bin/../lib/gcc/arm-none-eabi/6.3.1/../../../../arm-none-eabi/lib/thumb/v7-m\libcr_c.a(_fflush.o)
 .comment       0x0000007f       0x80 c:/nxp/mcuxpressoide_10.1.1_606/ide/tools/bin/../lib/gcc/arm-none-eabi/6.3.1/../../../../arm-none-eabi/lib/thumb/v7-m\libcr_c.a(_writebuf.o)
 .comment       0x0000007f       0x80 c:/nxp/mcuxpressoide_10.1.1_606/ide/tools/bin/../lib/gcc/arm-none-eabi/6.3.1/../../../../arm-none-eabi/lib/thumb/v7-m\libcr_c.a(_deferredlazyseek.o)
 .comment       0x0000007f       0x80 c:/nxp/mcuxpressoide_10.1.1_606/ide/tools/bin/../lib/gcc/arm-none-eabi/6.3.1/../../../../arm-none-eabi/lib/thumb/v7-m\libcr_semihost.a(__ciob.o)

.ARM.attributes
                0x00000000       0x31
 .ARM.attributes
                0x00000000       0x33 ./freeRTOS/src/FreeRTOSCommonHooks.o
 .ARM.attributes
                0x00000033       0x33 ./freeRTOS/src/heap_3.o
 .ARM.attributes
                0x00000066       0x33 ./freeRTOS/src/list.o
 .ARM.attributes
                0x00000099       0x33 ./freeRTOS/src/port.o
 .ARM.attributes
                0x000000cc       0x33 ./freeRTOS/src/queue.o
 .ARM.attributes
                0x000000ff       0x33 ./freeRTOS/src/tasks.o
 .ARM.attributes
                0x00000132       0x33 ./Example/src/FRTOS.o
 .ARM.attributes
                0x00000165       0x33 ./Example/src/cr_startup_lpc175x_6x.o
 .ARM.attributes
                0x00000198       0x33 ./Example/src/sysinit.o
 .ARM.attributes
                0x000001cb       0x33 D:\Facultad\Digitales II\Repositorio MCU\lpc_chip_175x_6x\Debug\liblpc_chip_175x_6x.a(adc_17xx_40xx.o)
 .ARM.attributes
                0x000001fe       0x33 D:\Facultad\Digitales II\Repositorio MCU\lpc_chip_175x_6x\Debug\liblpc_chip_175x_6x.a(chip_17xx_40xx.o)
 .ARM.attributes
                0x00000231       0x33 D:\Facultad\Digitales II\Repositorio MCU\lpc_chip_175x_6x\Debug\liblpc_chip_175x_6x.a(clock_17xx_40xx.o)
 .ARM.attributes
                0x00000264       0x33 D:\Facultad\Digitales II\Repositorio MCU\lpc_chip_175x_6x\Debug\liblpc_chip_175x_6x.a(i2c_17xx_40xx.o)
 .ARM.attributes
                0x00000297       0x33 D:\Facultad\Digitales II\Repositorio MCU\lpc_chip_175x_6x\Debug\liblpc_chip_175x_6x.a(iocon_17xx_40xx.o)
 .ARM.attributes
                0x000002ca       0x33 D:\Facultad\Digitales II\Repositorio MCU\lpc_chip_175x_6x\Debug\liblpc_chip_175x_6x.a(sysinit_17xx_40xx.o)
 .ARM.attributes
                0x000002fd       0x33 c:/nxp/mcuxpressoide_10.1.1_606/ide/tools/bin/../lib/gcc/arm-none-eabi/6.3.1/../../../../arm-none-eabi/lib/thumb/v7-m\libcr_semihost.a(_cr__main.o)
 .ARM.attributes
                0x00000330       0x33 c:/nxp/mcuxpressoide_10.1.1_606/ide/tools/bin/../lib/gcc/arm-none-eabi/6.3.1/../../../../arm-none-eabi/lib/thumb/v7-m\libcr_c.a(memcpy.o)
 .ARM.attributes
                0x00000363       0x33 c:/nxp/mcuxpressoide_10.1.1_606/ide/tools/bin/../lib/gcc/arm-none-eabi/6.3.1/../../../../arm-none-eabi/lib/thumb/v7-m\libcr_c.a(memset.o)
 .ARM.attributes
                0x00000396       0x33 c:/nxp/mcuxpressoide_10.1.1_606/ide/tools/bin/../lib/gcc/arm-none-eabi/6.3.1/../../../../arm-none-eabi/lib/thumb/v7-m\libcr_c.a(alloc.o)
 .ARM.attributes
                0x000003c9       0x33 c:/nxp/mcuxpressoide_10.1.1_606/ide/tools/bin/../lib/gcc/arm-none-eabi/6.3.1/../../../../arm-none-eabi/lib/thumb/v7-m\libcr_c.a(initio.o)
 .ARM.attributes
                0x000003fc       0x33 c:/nxp/mcuxpressoide_10.1.1_606/ide/tools/bin/../lib/gcc/arm-none-eabi/6.3.1/../../../../arm-none-eabi/lib/thumb/v7-m\libcr_c.a(setvbuf.o)
 .ARM.attributes
                0x0000042f       0x33 c:/nxp/mcuxpressoide_10.1.1_606/ide/tools/bin/../lib/gcc/arm-none-eabi/6.3.1/../../../../arm-none-eabi/lib/thumb/v7-m\libcr_c.a(__init_alloc.o)
 .ARM.attributes
                0x00000462       0x33 c:/nxp/mcuxpressoide_10.1.1_606/ide/tools/bin/../lib/gcc/arm-none-eabi/6.3.1/../../../../arm-none-eabi/lib/thumb/v7-m\libcr_c.a(_cr_sbrk.o)
 .ARM.attributes
                0x00000495       0x33 c:/nxp/mcuxpressoide_10.1.1_606/ide/tools/bin/../lib/gcc/arm-none-eabi/6.3.1/../../../../arm-none-eabi/lib/thumb/v7-m\libcr_c.a(_fdopen.o)
 .ARM.attributes
                0x000004c8       0x33 c:/nxp/mcuxpressoide_10.1.1_606/ide/tools/bin/../lib/gcc/arm-none-eabi/6.3.1/../../../../arm-none-eabi/lib/thumb/v7-m\libcr_c.a(errno.o)
 .ARM.attributes
                0x000004fb       0x33 c:/nxp/mcuxpressoide_10.1.1_606/ide/tools/bin/../lib/gcc/arm-none-eabi/6.3.1/../../../../arm-none-eabi/lib/thumb/v7-m\libcr_c.a(fclose.o)
 .ARM.attributes
                0x0000052e       0x33 c:/nxp/mcuxpressoide_10.1.1_606/ide/tools/bin/../lib/gcc/arm-none-eabi/6.3.1/../../../../arm-none-eabi/lib/thumb/v7-m\libcr_c.a(fflush.o)
 .ARM.attributes
                0x00000561       0x33 c:/nxp/mcuxpressoide_10.1.1_606/ide/tools/bin/../lib/gcc/arm-none-eabi/6.3.1/../../../../arm-none-eabi/lib/thumb/v7-m\libcr_c.a(fseek.o)
 .ARM.attributes
                0x00000594       0x33 c:/nxp/mcuxpressoide_10.1.1_606/ide/tools/bin/../lib/gcc/arm-none-eabi/6.3.1/../../../../arm-none-eabi/lib/thumb/v7-m\libcr_c.a(ftell.o)
 .ARM.attributes
                0x000005c7       0x33 c:/nxp/mcuxpressoide_10.1.1_606/ide/tools/bin/../lib/gcc/arm-none-eabi/6.3.1/../../../../arm-none-eabi/lib/thumb/v7-m\libcr_c.a(remove.o)
 .ARM.attributes
                0x000005fa       0x33 c:/nxp/mcuxpressoide_10.1.1_606/ide/tools/bin/../lib/gcc/arm-none-eabi/6.3.1/../../../../arm-none-eabi/lib/thumb/v7-m\libcr_c.a(strlen.o)
 .ARM.attributes
                0x0000062d       0x33 c:/nxp/mcuxpressoide_10.1.1_606/ide/tools/bin/../lib/gcc/arm-none-eabi/6.3.1/../../../../arm-none-eabi/lib/thumb/v7-m\libcr_c.a(_cr_check_heap.o)
 .ARM.attributes
                0x00000660       0x33 c:/nxp/mcuxpressoide_10.1.1_606/ide/tools/bin/../lib/gcc/arm-none-eabi/6.3.1/../../../../arm-none-eabi/lib/thumb/v7-m\libcr_c.a(_do_fflush.o)
 .ARM.attributes
                0x00000693       0x33 c:/nxp/mcuxpressoide_10.1.1_606/ide/tools/bin/../lib/gcc/arm-none-eabi/6.3.1/../../../../arm-none-eabi/lib/thumb/v7-m\libcr_c.a(_fflush.o)
 .ARM.attributes
                0x000006c6       0x33 c:/nxp/mcuxpressoide_10.1.1_606/ide/tools/bin/../lib/gcc/arm-none-eabi/6.3.1/../../../../arm-none-eabi/lib/thumb/v7-m\libcr_c.a(_writebuf.o)
 .ARM.attributes
                0x000006f9       0x33 c:/nxp/mcuxpressoide_10.1.1_606/ide/tools/bin/../lib/gcc/arm-none-eabi/6.3.1/../../../../arm-none-eabi/lib/thumb/v7-m\libcr_c.a(_deferredlazyseek.o)
 .ARM.attributes
                0x0000072c       0x21 c:/nxp/mcuxpressoide_10.1.1_606/ide/tools/bin/../lib/gcc/arm-none-eabi/6.3.1/thumb/v7-m\libcr_eabihelpers.a(memcpy.o)
 .ARM.attributes
                0x0000074d       0x33 c:/nxp/mcuxpressoide_10.1.1_606/ide/tools/bin/../lib/gcc/arm-none-eabi/6.3.1/../../../../arm-none-eabi/lib/thumb/v7-m\libcr_semihost.a(__ciob.o)
 .ARM.attributes
                0x00000780       0x21 c:/nxp/mcuxpressoide_10.1.1_606/ide/tools/bin/../lib/gcc/arm-none-eabi/6.3.1/../../../../arm-none-eabi/lib/thumb/v7-m\libcr_semihost.a(__sys_close.o)
 .ARM.attributes
                0x000007a1       0x21 c:/nxp/mcuxpressoide_10.1.1_606/ide/tools/bin/../lib/gcc/arm-none-eabi/6.3.1/../../../../arm-none-eabi/lib/thumb/v7-m\libcr_semihost.a(__sys_flen.o)
 .ARM.attributes
                0x000007c2       0x21 c:/nxp/mcuxpressoide_10.1.1_606/ide/tools/bin/../lib/gcc/arm-none-eabi/6.3.1/../../../../arm-none-eabi/lib/thumb/v7-m\libcr_semihost.a(__sys_istty.o)
 .ARM.attributes
                0x000007e3       0x21 c:/nxp/mcuxpressoide_10.1.1_606/ide/tools/bin/../lib/gcc/arm-none-eabi/6.3.1/../../../../arm-none-eabi/lib/thumb/v7-m\libcr_semihost.a(__sys_remove.o)
 .ARM.attributes
                0x00000804       0x21 c:/nxp/mcuxpressoide_10.1.1_606/ide/tools/bin/../lib/gcc/arm-none-eabi/6.3.1/../../../../arm-none-eabi/lib/thumb/v7-m\libcr_semihost.a(__sys_seek.o)
 .ARM.attributes
                0x00000825       0x21 c:/nxp/mcuxpressoide_10.1.1_606/ide/tools/bin/../lib/gcc/arm-none-eabi/6.3.1/../../../../arm-none-eabi/lib/thumb/v7-m\libcr_semihost.a(__sys_tmpnam.o)
 .ARM.attributes
                0x00000846       0x21 c:/nxp/mcuxpressoide_10.1.1_606/ide/tools/bin/../lib/gcc/arm-none-eabi/6.3.1/../../../../arm-none-eabi/lib/thumb/v7-m\libcr_semihost.a(__sys_write.o)

.debug_frame    0x00000000     0x2270
 .debug_frame   0x00000000       0xb4 ./freeRTOS/src/FreeRTOSCommonHooks.o
 .debug_frame   0x000000b4       0x58 ./freeRTOS/src/heap_3.o
 .debug_frame   0x0000010c       0xd8 ./freeRTOS/src/list.o
 .debug_frame   0x000001e4      0x178 ./freeRTOS/src/port.o
 .debug_frame   0x0000035c      0x498 ./freeRTOS/src/queue.o
 .debug_frame   0x000007f4      0x864 ./freeRTOS/src/tasks.o
 .debug_frame   0x00001058      0x2d0 ./Example/src/FRTOS.o
 .debug_frame   0x00001328      0x170 ./Example/src/cr_startup_lpc175x_6x.o
 .debug_frame   0x00001498       0x34 ./Example/src/sysinit.o
 .debug_frame   0x000014cc      0x218 D:\Facultad\Digitales II\Repositorio MCU\lpc_chip_175x_6x\Debug\liblpc_chip_175x_6x.a(adc_17xx_40xx.o)
 .debug_frame   0x000016e4       0x88 D:\Facultad\Digitales II\Repositorio MCU\lpc_chip_175x_6x\Debug\liblpc_chip_175x_6x.a(chip_17xx_40xx.o)
 .debug_frame   0x0000176c      0x490 D:\Facultad\Digitales II\Repositorio MCU\lpc_chip_175x_6x\Debug\liblpc_chip_175x_6x.a(clock_17xx_40xx.o)
 .debug_frame   0x00001bfc      0x4c8 D:\Facultad\Digitales II\Repositorio MCU\lpc_chip_175x_6x\Debug\liblpc_chip_175x_6x.a(i2c_17xx_40xx.o)
 .debug_frame   0x000020c4       0x80 D:\Facultad\Digitales II\Repositorio MCU\lpc_chip_175x_6x\Debug\liblpc_chip_175x_6x.a(iocon_17xx_40xx.o)
 .debug_frame   0x00002144      0x12c D:\Facultad\Digitales II\Repositorio MCU\lpc_chip_175x_6x\Debug\liblpc_chip_175x_6x.a(sysinit_17xx_40xx.o)
